Component: ARM Compiler 5.06 update 5 (build 528) Tool: armlink [4d35e2]

==============================================================================

Section Cross References

    main.o(i.main) refers to boards.o(i.bsp_board_init) for bsp_board_init
    main.o(i.main) refers to nrf_log_frontend.o(i.nrf_log_init) for nrf_log_init
    main.o(i.main) refers to app_error.o(i.app_error_handler_bare) for app_error_handler_bare
    main.o(i.main) refers to nrf_log_default_backends.o(i.nrf_log_default_backends_init) for nrf_log_default_backends_init
    main.o(i.main) refers to nrf_drv_spi.o(i.nrf_drv_spi_init) for nrf_drv_spi_init
    main.o(i.main) refers to nrf_drv_clock.o(i.nrf_drv_clock_init) for nrf_drv_clock_init
    main.o(i.main) refers to nrf_drv_clock.o(i.nrf_drv_clock_lfclk_request) for nrf_drv_clock_lfclk_request
    main.o(i.main) refers to app_timer.o(i.app_timer_init) for app_timer_init
    main.o(i.main) refers to nrf_log_frontend.o(i.nrf_log_frontend_std_0) for nrf_log_frontend_std_0
    main.o(i.main) refers to nrfx_spim.o(i.nrfx_spim_xfer) for nrfx_spim_xfer
    main.o(i.main) refers to nrf_log_frontend.o(i.nrf_log_frontend_dequeue) for nrf_log_frontend_dequeue
    main.o(i.main) refers to app_timer.o(i.app_timer_cnt_get) for app_timer_cnt_get
    main.o(i.main) refers to boards.o(i.bsp_board_led_invert) for bsp_board_led_invert
    main.o(i.main) refers to main.o(i.nrf_delay_ms) for nrf_delay_ms
    main.o(i.main) refers to main.o(.constdata) for .constdata
    main.o(i.main) refers to main.o(i.spi_event_handler) for spi_event_handler
    main.o(i.main) refers to nrf_log_frontend.o(log_dynamic_data) for m_nrf_log_app_logs_data_dynamic
    main.o(i.main) refers to main.o(.data) for .data
    main.o(i.nrf_delay_ms) refers to main.o(.constdata) for .constdata
    main.o(i.spi_event_handler) refers to nrf_log_frontend.o(i.nrf_log_frontend_std_0) for nrf_log_frontend_std_0
    main.o(i.spi_event_handler) refers to strlen.o(.text) for strlen
    main.o(i.spi_event_handler) refers to nrf_log_frontend.o(i.nrf_log_frontend_hexdump) for nrf_log_frontend_hexdump
    main.o(i.spi_event_handler) refers to main.o(.data) for .data
    main.o(i.spi_event_handler) refers to nrf_log_frontend.o(log_dynamic_data) for m_nrf_log_app_logs_data_dynamic
    main.o(i.timer_led_event_handler) refers to boards.o(i.bsp_board_led_invert) for bsp_board_led_invert
    main.o(i.timer_led_event_handler) refers to main.o(.data) for .data
    boards.o(i.bsp_board_button_idx_to_pin) refers to boards.o(.constdata) for .constdata
    boards.o(i.bsp_board_button_state_get) refers to boards.o(.constdata) for .constdata
    boards.o(i.bsp_board_init) refers to boards.o(i.nrf_gpio_cfg) for nrf_gpio_cfg
    boards.o(i.bsp_board_init) refers to boards.o(i.bsp_board_leds_off) for bsp_board_leds_off
    boards.o(i.bsp_board_init) refers to boards.o(.constdata) for .constdata
    boards.o(i.bsp_board_led_idx_to_pin) refers to boards.o(.constdata) for .constdata
    boards.o(i.bsp_board_led_invert) refers to boards.o(.constdata) for .constdata
    boards.o(i.bsp_board_led_off) refers to boards.o(i.nrf_gpio_pin_write) for nrf_gpio_pin_write
    boards.o(i.bsp_board_led_off) refers to boards.o(.constdata) for .constdata
    boards.o(i.bsp_board_led_on) refers to boards.o(i.nrf_gpio_pin_write) for nrf_gpio_pin_write
    boards.o(i.bsp_board_led_on) refers to boards.o(.constdata) for .constdata
    boards.o(i.bsp_board_led_state_get) refers to boards.o(.constdata) for .constdata
    boards.o(i.bsp_board_leds_off) refers to boards.o(i.bsp_board_led_off) for bsp_board_led_off
    boards.o(i.bsp_board_leds_on) refers to boards.o(i.bsp_board_led_on) for bsp_board_led_on
    boards.o(i.bsp_board_pin_to_button_idx) refers to boards.o(.constdata) for .constdata
    boards.o(i.bsp_board_pin_to_led_idx) refers to boards.o(.constdata) for .constdata
    bsp.o(i.alert_timer_handler) refers to boards.o(i.bsp_board_led_invert) for bsp_board_led_invert
    bsp.o(i.bsp_button_event_handler) refers to boards.o(i.bsp_board_pin_to_button_idx) for bsp_board_pin_to_button_idx
    bsp.o(i.bsp_button_event_handler) refers to app_timer.o(i.app_timer_start) for app_timer_start
    bsp.o(i.bsp_button_event_handler) refers to app_timer.o(i.app_timer_stop) for app_timer_stop
    bsp.o(i.bsp_button_event_handler) refers to bsp.o(.constdata) for .constdata
    bsp.o(i.bsp_button_event_handler) refers to bsp.o(.data) for .data
    bsp.o(i.bsp_button_is_pressed) refers to boards.o(i.bsp_board_button_state_get) for bsp_board_button_state_get
    bsp.o(i.bsp_buttons_disable) refers to app_button.o(i.app_button_disable) for app_button_disable
    bsp.o(i.bsp_buttons_enable) refers to app_button.o(i.app_button_enable) for app_button_enable
    bsp.o(i.bsp_event_to_button_action_assign) refers to bsp.o(.data) for .data
    bsp.o(i.bsp_indication_set) refers to bsp.o(i.bsp_led_indication) for bsp_led_indication
    bsp.o(i.bsp_indication_set) refers to bsp.o(.data) for .data
[...]
    i.__scatterload_copy                     0x000009b4   Section       14  handlers.o(i.__scatterload_copy)
    i.__scatterload_null                     0x000009c2   Section        2  handlers.o(i.__scatterload_null)
    i.__scatterload_zeroinit                 0x000009c4   Section       14  handlers.o(i.__scatterload_zeroinit)
    i.app_error_fault_handler                0x000009d4   Section        0  app_error_weak.o(i.app_error_fault_handler)
    i.app_error_handler_bare                 0x00000a50   Section        0  app_error.o(i.app_error_handler_bare)
    i.app_timer_cnt_get                      0x00000a68   Section        0  app_timer.o(i.app_timer_cnt_get)
    i.app_timer_init                         0x00000a74   Section        0  app_timer.o(i.app_timer_init)
    i.app_util_critical_region_enter         0x00000ac8   Section        0  app_util_platform.o(i.app_util_critical_region_enter)
    i.app_util_critical_region_exit          0x00000acc   Section        0  app_util_platform.o(i.app_util_critical_region_exit)
    i.app_util_disable_irq                   0x00000ad0   Section        0  app_util_platform.o(i.app_util_disable_irq)
    i.app_util_enable_irq                    0x00000ae0   Section        0  app_util_platform.o(i.app_util_enable_irq)
    i.apply_config                           0x00000af4   Section        0  nrfx_uart.o(i.apply_config)
    apply_config                             0x00000af5   Thumb Code   136  nrfx_uart.o(i.apply_config)
    i.apply_config                           0x00000b7c   Section        0  nrfx_uarte.o(i.apply_config)
    apply_config                             0x00000b7d   Thumb Code   136  nrfx_uarte.o(i.apply_config)
    i.bsp_board_init                         0x00000c04   Section        0  boards.o(i.bsp_board_init)
    i.bsp_board_led_invert                   0x00000c50   Section        0  boards.o(i.bsp_board_led_invert)
    i.bsp_board_led_off                      0x00000c74   Section        0  boards.o(i.bsp_board_led_off)
    i.bsp_board_leds_off                     0x00000c84   Section        0  boards.o(i.bsp_board_leds_off)
    i.buf_prealloc                           0x00000c98   Section        0  nrf_log_frontend.o(i.buf_prealloc)
    buf_prealloc                             0x00000c99   Thumb Code   130  nrf_log_frontend.o(i.buf_prealloc)
    i.buffer_add                             0x00000d20   Section        0  nrf_fprintf_format.o(i.buffer_add)
    buffer_add                               0x00000d21   Thumb Code    30  nrf_fprintf_format.o(i.buffer_add)
    i.buffer_is_empty                        0x00000d40   Section        0  nrf_log_frontend.o(i.buffer_is_empty)
    i.channel_port_get                       0x00000d54   Section        0  nrfx_gpiote.o(i.channel_port_get)
    channel_port_get                         0x00000d55   Thumb Code    10  nrfx_gpiote.o(i.channel_port_get)
    i.clock_clk_started_notify               0x00000d64   Section        0  nrf_drv_clock.o(i.clock_clk_started_notify)
    clock_clk_started_notify                 0x00000d65   Thumb Code    34  nrf_drv_clock.o(i.clock_clk_started_notify)
    i.clock_irq_handler                      0x00000d8c   Section        0  nrf_drv_clock.o(i.clock_irq_handler)
    clock_irq_handler                        0x00000d8d   Thumb Code    24  nrf_drv_clock.o(i.clock_irq_handler)
    i.compare_reg_update                     0x00000da8   Section        0  app_timer.o(i.compare_reg_update)
    compare_reg_update                       0x00000da9   Thumb Code   160  app_timer.o(i.compare_reg_update)
    i.dropped_sat16_get                      0x00000e54   Section        0  nrf_log_frontend.o(i.dropped_sat16_get)
    dropped_sat16_get                        0x00000e55   Thumb Code    16  nrf_log_frontend.o(i.dropped_sat16_get)
    i.elapsed_ticks_acquire                  0x00000e68   Section        0  app_timer.o(i.elapsed_ticks_acquire)
    elapsed_ticks_acquire                    0x00000e69   Thumb Code    58  app_timer.o(i.elapsed_ticks_acquire)
    i.int_print                              0x00000ea8   Section        0  nrf_fprintf_format.o(i.int_print)
    int_print                                0x00000ea9   Thumb Code   166  nrf_fprintf_format.o(i.int_print)
    i.interrupts_enable                      0x00000f50   Section        0  nrfx_uarte.o(i.interrupts_enable)
    interrupts_enable                        0x00000f51   Thumb Code   122  nrfx_uarte.o(i.interrupts_enable)
    i.invalid_packets_pushed_str_omit        0x00000fd0   Section        0  nrf_log_frontend.o(i.invalid_packets_pushed_str_omit)
    invalid_packets_pushed_str_omit          0x00000fd1   Thumb Code    76  nrf_log_frontend.o(i.invalid_packets_pushed_str_omit)
    i.item_enqueue                           0x0000101c   Section        0  nrf_drv_clock.o(i.item_enqueue)
    item_enqueue                             0x0000101d   Thumb Code    22  nrf_drv_clock.o(i.item_enqueue)
    i.list_insertions_handler                0x00001034   Section        0  app_timer.o(i.list_insertions_handler)
    list_insertions_handler                  0x00001035   Thumb Code   234  app_timer.o(i.list_insertions_handler)
    i.log_skip                               0x0000112c   Section        0  nrf_log_frontend.o(i.log_skip)
    log_skip                                 0x0000112d   Thumb Code   148  nrf_log_frontend.o(i.log_skip)
    i.main                                   0x000011c8   Section        0  main.o(i.main)
    i.memobj_op                              0x000012e0   Section        0  nrf_memobj.o(i.memobj_op)
    memobj_op                                0x000012e1   Thumb Code   118  nrf_memobj.o(i.memobj_op)
    i.module_idx_get                         0x00001358   Section        0  nrf_log_frontend.o(i.module_idx_get)
    module_idx_get                           0x00001359   Thumb Code    44  nrf_log_frontend.o(i.module_idx_get)
    i.nrf_atomic_flag_clear_fetch            0x00001388   Section        0  nrf_atomic.o(i.nrf_atomic_flag_clear_fetch)
    i.nrf_atomic_flag_set                    0x0000138e   Section        0  nrf_atomic.o(i.nrf_atomic_flag_set)
    i.nrf_atomic_u32_add                     0x00001394   Section        0  nrf_atomic.o(i.nrf_atomic_u32_add)
    i.nrf_atomic_u32_fetch_and               0x000013a0   Section        0  nrf_atomic.o(i.nrf_atomic_u32_fetch_and)
    i.nrf_atomic_u32_fetch_store             0x000013aa   Section        0  nrf_atomic.o(i.nrf_atomic_u32_fetch_store)
    i.nrf_atomic_u32_or                      0x000013b4   Section        0  nrf_atomic.o(i.nrf_atomic_u32_or)
    i.nrf_atomic_u32_sub                     0x000013c0   Section        0  nrf_atomic.o(i.nrf_atomic_u32_sub)
    i.nrf_balloc_alloc                       0x000013cc   Section        0  nrf_balloc.o(i.nrf_balloc_alloc)
    i.nrf_balloc_free                        0x0000140a   Section        0  nrf_balloc.o(i.nrf_balloc_free)
    i.nrf_balloc_init                        0x00001434   Section        0  nrf_balloc.o(i.nrf_balloc_init)
    i.nrf_bitmask_bit_is_set                 0x00001464   Section        0  nrfx_gpiote.o(i.nrf_bitmask_bit_is_set)
    nrf_bitmask_bit_is_set                   0x00001465   Thumb Code    16  nrfx_gpiote.o(i.nrf_bitmask_bit_is_set)
    i.nrf_bitmask_bit_set                    0x00001474   Section        0  nrfx_gpiote.o(i.nrf_bitmask_bit_set)
    nrf_bitmask_bit_set                      0x00001475   Thumb Code    20  nrfx_gpiote.o(i.nrf_bitmask_bit_set)
    i.nrf_clock_event_check                  0x00001488   Section        0  nrfx_clock.o(i.nrf_clock_event_check)
    nrf_clock_event_check                    0x00001489   Thumb Code    14  nrfx_clock.o(i.nrf_clock_event_check)
    i.nrf_clock_event_clear                  0x00001496   Section        0  nrfx_clock.o(i.nrf_clock_event_clear)
    nrf_clock_event_clear                    0x00001497   Thumb Code    16  nrfx_clock.o(i.nrf_clock_event_clear)
    i.nrf_delay_ms                           0x000014a8   Section        0  main.o(i.nrf_delay_ms)
    nrf_delay_ms                             0x000014a9   Thumb Code    28  main.o(i.nrf_delay_ms)
    i.nrf_drv_clock_init                     0x000014c8   Section        0  nrf_drv_clock.o(i.nrf_drv_clock_init)
    i.nrf_drv_clock_lfclk_request            0x000014fc   Section        0  nrf_drv_clock.o(i.nrf_drv_clock_lfclk_request)
    i.nrf_drv_spi_init                       0x00001544   Section        0  nrf_drv_spi.o(i.nrf_drv_spi_init)
    i.nrf_drv_uart_init                      0x000015b4   Section        0  nrf_drv_uart.o(i.nrf_drv_uart_init)
    i.nrf_fprintf                            0x0000161c   Section        0  nrf_fprintf.o(i.nrf_fprintf)
    i.nrf_fprintf_buffer_flush               0x00001636   Section        0  nrf_fprintf.o(i.nrf_fprintf_buffer_flush)
    i.nrf_fprintf_fmt                        0x0000164e   Section        0  nrf_fprintf_format.o(i.nrf_fprintf_fmt)
    i.nrf_gpio_cfg                           0x00001828   Section        0  boards.o(i.nrf_gpio_cfg)
    nrf_gpio_cfg                             0x00001829   Thumb Code    36  boards.o(i.nrf_gpio_cfg)
    i.nrf_gpio_cfg                           0x0000184c   Section        0  nrfx_spim.o(i.nrf_gpio_cfg)
    nrf_gpio_cfg                             0x0000184d   Thumb Code    36  nrfx_spim.o(i.nrf_gpio_cfg)
    i.nrf_gpio_cfg                           0x00001870   Section        0  nrfx_uart.o(i.nrf_gpio_cfg)
    nrf_gpio_cfg                             0x00001871   Thumb Code    36  nrfx_uart.o(i.nrf_gpio_cfg)
    i.nrf_gpio_cfg                           0x00001894   Section        0  nrfx_uarte.o(i.nrf_gpio_cfg)
    nrf_gpio_cfg                             0x00001895   Thumb Code    36  nrfx_uarte.o(i.nrf_gpio_cfg)
    i.nrf_gpio_cfg_default                   0x000018b8   Section        0  nrfx_uart.o(i.nrf_gpio_cfg_default)
    nrf_gpio_cfg_default                     0x000018b9   Thumb Code    18  nrfx_uart.o(i.nrf_gpio_cfg_default)
    i.nrf_gpio_cfg_default                   0x000018ca   Section        0  nrfx_uarte.o(i.nrf_gpio_cfg_default)
    nrf_gpio_cfg_default                     0x000018cb   Thumb Code    18  nrfx_uarte.o(i.nrf_gpio_cfg_default)
    i.nrf_gpio_cfg_input                     0x000018dc   Section        0  nrfx_uart.o(i.nrf_gpio_cfg_input)
    nrf_gpio_cfg_input                       0x000018dd   Thumb Code    18  nrfx_uart.o(i.nrf_gpio_cfg_input)
    i.nrf_gpio_cfg_input                     0x000018ee   Section        0  nrfx_uarte.o(i.nrf_gpio_cfg_input)
    nrf_gpio_cfg_input                       0x000018ef   Thumb Code    18  nrfx_uarte.o(i.nrf_gpio_cfg_input)
    i.nrf_gpio_cfg_output                    0x00001900   Section        0  nrfx_spim.o(i.nrf_gpio_cfg_output)
    nrf_gpio_cfg_output                      0x00001901   Thumb Code    20  nrfx_spim.o(i.nrf_gpio_cfg_output)
    i.nrf_gpio_cfg_output                    0x00001914   Section        0  nrfx_uart.o(i.nrf_gpio_cfg_output)
    nrf_gpio_cfg_output                      0x00001915   Thumb Code    20  nrfx_uart.o(i.nrf_gpio_cfg_output)
    i.nrf_gpio_cfg_output                    0x00001928   Section        0  nrfx_uarte.o(i.nrf_gpio_cfg_output)
    nrf_gpio_cfg_output                      0x00001929   Thumb Code    20  nrfx_uarte.o(i.nrf_gpio_cfg_output)
    i.nrf_gpio_cfg_sense_set                 0x0000193c   Section        0  nrfx_gpiote.o(i.nrf_gpio_cfg_sense_set)
    nrf_gpio_cfg_sense_set                   0x0000193d   Thumb Code    34  nrfx_gpiote.o(i.nrf_gpio_cfg_sense_set)
    i.nrf_gpio_pin_clear                     0x0000195e   Section        0  nrfx_spim.o(i.nrf_gpio_pin_clear)
    nrf_gpio_pin_clear                       0x0000195f   Thumb Code    14  nrfx_spim.o(i.nrf_gpio_pin_clear)
    i.nrf_gpio_pin_set                       0x0000196c   Section        0  nrfx_spim.o(i.nrf_gpio_pin_set)
    nrf_gpio_pin_set                         0x0000196d   Thumb Code    14  nrfx_spim.o(i.nrf_gpio_pin_set)
    i.nrf_gpio_pin_write                     0x0000197a   Section        0  boards.o(i.nrf_gpio_pin_write)
    nrf_gpio_pin_write                       0x0000197b   Thumb Code    22  boards.o(i.nrf_gpio_pin_write)
    i.nrf_gpio_ports_read                    0x00001990   Section        0  nrfx_gpiote.o(i.nrf_gpio_ports_read)
    nrf_gpio_ports_read                      0x00001991   Thumb Code    34  nrfx_gpiote.o(i.nrf_gpio_ports_read)
    i.nrf_gpiote_event_clear                 0x000019b8   Section        0  nrfx_gpiote.o(i.nrf_gpiote_event_clear)
    nrf_gpiote_event_clear                   0x000019b9   Thumb Code    16  nrfx_gpiote.o(i.nrf_gpiote_event_clear)
    i.nrf_gpiote_event_is_set                0x000019cc   Section        0  nrfx_gpiote.o(i.nrf_gpiote_event_is_set)
    nrf_gpiote_event_is_set                  0x000019cd   Thumb Code    12  nrfx_gpiote.o(i.nrf_gpiote_event_is_set)
    i.nrf_log_backend_add                    0x000019dc   Section        0  nrf_log_frontend.o(i.nrf_log_backend_add)
    i.nrf_log_backend_serial_put             0x00001a2c   Section        0  nrf_log_backend_serial.o(i.nrf_log_backend_serial_put)
    i.nrf_log_backend_uart_flush             0x00001af4   Section        0  nrf_log_backend_uart.o(i.nrf_log_backend_uart_flush)
    nrf_log_backend_uart_flush               0x00001af5   Thumb Code     2  nrf_log_backend_uart.o(i.nrf_log_backend_uart_flush)
    i.nrf_log_backend_uart_init              0x00001af6   Section        0  nrf_log_backend_uart.o(i.nrf_log_backend_uart_init)
    i.nrf_log_backend_uart_panic_set         0x00001afc   Section        0  nrf_log_backend_uart.o(i.nrf_log_backend_uart_panic_set)
    nrf_log_backend_uart_panic_set           0x00001afd   Thumb Code    36  nrf_log_backend_uart.o(i.nrf_log_backend_uart_panic_set)
    i.nrf_log_backend_uart_put               0x00001b28   Section        0  nrf_log_backend_uart.o(i.nrf_log_backend_uart_put)
    nrf_log_backend_uart_put                 0x00001b29   Thumb Code    16  nrf_log_backend_uart.o(i.nrf_log_backend_uart_put)
    i.nrf_log_color_id_get                   0x00001b40   Section        0  nrf_log_frontend.o(i.nrf_log_color_id_get)
    i.nrf_log_default_backends_init          0x00001b70   Section        0  nrf_log_default_backends.o(i.nrf_log_default_backends_init)
    i.nrf_log_frontend_dequeue               0x00001b8c   Section        0  nrf_log_frontend.o(i.nrf_log_frontend_dequeue)
    i.nrf_log_frontend_hexdump               0x00001da4   Section        0  nrf_log_frontend.o(i.nrf_log_frontend_hexdump)
    i.nrf_log_frontend_std_0                 0x00001e4c   Section        0  nrf_log_frontend.o(i.nrf_log_frontend_std_0)
    i.nrf_log_hexdump_entry_process          0x00001e54   Section        0  nrf_log_str_formatter.o(i.nrf_log_hexdump_entry_process)
    i.nrf_log_init                           0x00001f00   Section        0  nrf_log_frontend.o(i.nrf_log_init)
    i.nrf_log_module_cnt_get                 0x00001f58   Section        0  nrf_log_frontend.o(i.nrf_log_module_cnt_get)
    i.nrf_log_module_name_get                0x00001f6c   Section        0  nrf_log_frontend.o(i.nrf_log_module_name_get)
    i.nrf_log_panic                          0x00001f88   Section        0  nrf_log_frontend.o(i.nrf_log_panic)
    i.nrf_log_std_entry_process              0x00001fb0   Section        0  nrf_log_str_formatter.o(i.nrf_log_std_entry_process)
    i.nrf_memobj_alloc                       0x00002066   Section        0  nrf_memobj.o(i.nrf_memobj_alloc)
    i.nrf_memobj_free                        0x000020c6   Section        0  nrf_memobj.o(i.nrf_memobj_free)
    i.nrf_memobj_get                         0x000020f8   Section        0  nrf_memobj.o(i.nrf_memobj_get)
    i.nrf_memobj_pool_init                   0x00002100   Section        0  nrf_memobj.o(i.nrf_memobj_pool_init)
    i.nrf_memobj_put                         0x00002104   Section        0  nrf_memobj.o(i.nrf_memobj_put)
    i.nrf_memobj_read                        0x00002122   Section        0  nrf_memobj.o(i.nrf_memobj_read)
    i.nrf_memobj_write                       0x0000212e   Section        0  nrf_memobj.o(i.nrf_memobj_write)
    i.nrf_spim_event_check                   0x0000213a   Section        0  nrfx_spim.o(i.nrf_spim_event_check)
    nrf_spim_event_check                     0x0000213b   Thumb Code    10  nrfx_spim.o(i.nrf_spim_event_check)
    i.nrf_timer_event_clear                  0x00002144   Section        0  nrfx_timer.o(i.nrf_timer_event_clear)
    nrf_timer_event_clear                    0x00002145   Thumb Code    12  nrfx_timer.o(i.nrf_timer_event_clear)
    i.nrf_uart_event_check                   0x00002150   Section        0  nrfx_uart.o(i.nrf_uart_event_check)
    nrf_uart_event_check                     0x00002151   Thumb Code    10  nrfx_uart.o(i.nrf_uart_event_check)
    i.nrf_uart_event_clear                   0x0000215a   Section        0  nrfx_uart.o(i.nrf_uart_event_clear)
    nrf_uart_event_clear                     0x0000215b   Thumb Code    12  nrfx_uart.o(i.nrf_uart_event_clear)
    i.nrf_uart_int_enable_check              0x00002166   Section        0  nrfx_uart.o(i.nrf_uart_int_enable_check)
    nrf_uart_int_enable_check                0x00002167   Thumb Code    12  nrfx_uart.o(i.nrf_uart_int_enable_check)
    i.nrf_uarte_event_check                  0x00002172   Section        0  nrfx_uarte.o(i.nrf_uarte_event_check)
    nrf_uarte_event_check                    0x00002173   Thumb Code    10  nrfx_uarte.o(i.nrf_uarte_event_check)
    i.nrf_uarte_event_clear                  0x0000217c   Section        0  nrfx_uarte.o(i.nrf_uarte_event_clear)
    nrf_uarte_event_clear                    0x0000217d   Thumb Code    12  nrfx_uarte.o(i.nrf_uarte_event_clear)
    i.nrfx_clock_enable                      0x00002188   Section        0  nrfx_clock.o(i.nrfx_clock_enable)
    i.nrfx_clock_init                        0x000021b4   Section        0  nrfx_clock.o(i.nrfx_clock_init)
    i.nrfx_clock_lfclk_start                 0x000021d4   Section        0  nrfx_clock.o(i.nrfx_clock_lfclk_start)
    i.nrfx_coredep_delay_us                  0x00002220   Section        0  app_timer.o(i.nrfx_coredep_delay_us)
    nrfx_coredep_delay_us                    0x00002221   Thumb Code    12  app_timer.o(i.nrfx_coredep_delay_us)
    i.nrfx_is_in_ram                         0x00002230   Section        0  nrfx_spim.o(i.nrfx_is_in_ram)
    nrfx_is_in_ram                           0x00002231   Thumb Code    16  nrfx_spim.o(i.nrfx_is_in_ram)
    i.nrfx_is_in_ram                         0x00002240   Section        0  nrfx_uarte.o(i.nrfx_is_in_ram)
    nrfx_is_in_ram                           0x00002241   Thumb Code    16  nrfx_uarte.o(i.nrfx_is_in_ram)
    i.nrfx_prs_acquire                       0x00002250   Section        0  nrfx_prs.o(i.nrfx_prs_acquire)
    i.nrfx_prs_release                       0x00002280   Section        0  nrfx_prs.o(i.nrfx_prs_release)
    i.nrfx_spim_init                         0x00002294   Section        0  nrfx_spim.o(i.nrfx_spim_init)
    i.nrfx_spim_xfer                         0x00002424   Section        0  nrfx_spim.o(i.nrfx_spim_xfer)
    i.nrfx_uart_0_irq_handler                0x00002488   Section        0  nrfx_uart.o(i.nrfx_uart_0_irq_handler)
    i.nrfx_uart_init                         0x00002498   Section        0  nrfx_uart.o(i.nrfx_uart_init)
    i.nrfx_uart_tx                           0x0000256c   Section        0  nrfx_uart.o(i.nrfx_uart_tx)
    i.nrfx_uart_tx_in_progress               0x00002610   Section        0  nrfx_uart.o(i.nrfx_uart_tx_in_progress)
    i.nrfx_uart_uninit                       0x00002630   Section        0  nrfx_uart.o(i.nrfx_uart_uninit)
    i.nrfx_uarte_0_irq_handler               0x000026e4   Section        0  nrfx_uarte.o(i.nrfx_uarte_0_irq_handler)
    i.nrfx_uarte_init                        0x000026f4   Section        0  nrfx_uarte.o(i.nrfx_uarte_init)
    i.nrfx_uarte_tx                          0x00002760   Section        0  nrfx_uarte.o(i.nrfx_uarte_tx)
    i.nrfx_uarte_tx_in_progress              0x000027f0   Section        0  nrfx_uarte.o(i.nrfx_uarte_tx_in_progress)
    i.nrfx_uarte_uninit                      0x0000280c   Section        0  nrfx_uarte.o(i.nrfx_uarte_uninit)
    i.postfix_process                        0x000028bc   Section        0  nrf_log_str_formatter.o(i.postfix_process)
    postfix_process                          0x000028bd   Thumb Code    48  nrf_log_str_formatter.o(i.postfix_process)
    i.prefix_process                         0x000028f8   Section        0  nrf_log_str_formatter.o(i.prefix_process)
    prefix_process                           0x000028f9   Thumb Code    90  nrf_log_str_formatter.o(i.prefix_process)
    i.prs_box_get                            0x00002990   Section        0  nrfx_prs.o(i.prs_box_get)
    prs_box_get                              0x00002991   Thumb Code    14  nrfx_prs.o(i.prs_box_get)
    i.rtc1_stop                              0x000029a8   Section        0  app_timer.o(i.rtc1_stop)
    rtc1_stop                                0x000029a9   Thumb Code    52  app_timer.o(i.rtc1_stop)
    i.rx_byte                                0x000029e4   Section        0  nrfx_uart.o(i.rx_byte)
    rx_byte                                  0x000029e5   Thumb Code    50  nrfx_uart.o(i.rx_byte)
    i.rx_done_event                          0x00002a16   Section        0  nrfx_uart.o(i.rx_done_event)
    rx_done_event                            0x00002a17   Thumb Code    22  nrfx_uart.o(i.rx_done_event)
    i.rx_done_event                          0x00002a2c   Section        0  nrfx_uarte.o(i.rx_done_event)
    rx_done_event                            0x00002a2d   Thumb Code    24  nrfx_uarte.o(i.rx_done_event)
    i.serial_tx                              0x00002a44   Section        0  nrf_log_backend_uart.o(i.serial_tx)
    serial_tx                                0x00002a45   Thumb Code    54  nrf_log_backend_uart.o(i.serial_tx)
    i.spi_event_handler                      0x00002a84   Section        0  main.o(i.spi_event_handler)
    i.spim_evt_handler                       0x00002af8   Section        0  nrf_drv_spi.o(i.spim_evt_handler)
    spim_evt_handler                         0x00002af9   Thumb Code    52  nrf_drv_spi.o(i.spim_evt_handler)
    i.spim_xfer                              0x00002b30   Section        0  nrfx_spim.o(i.spim_xfer)
    spim_xfer                                0x00002b31   Thumb Code   188  nrfx_spim.o(i.spim_xfer)
    i.std_n                                  0x00002bec   Section        0  nrf_log_frontend.o(i.std_n)
    std_n                                    0x00002bed   Thumb Code   136  nrf_log_frontend.o(i.std_n)
    i.timer_list_handler                     0x00002c78   Section        0  app_timer.o(i.timer_list_handler)
    timer_list_handler                       0x00002c79   Thumb Code   122  app_timer.o(i.timer_list_handler)
    i.timer_list_insert                      0x00002cf8   Section        0  app_timer.o(i.timer_list_insert)
    timer_list_insert                        0x00002cf9   Thumb Code    56  app_timer.o(i.timer_list_insert)
    i.timer_list_remove                      0x00002d34   Section        0  app_timer.o(i.timer_list_remove)
    timer_list_remove                        0x00002d35   Thumb Code    88  app_timer.o(i.timer_list_remove)
    i.timer_timeouts_check                   0x00002d94   Section        0  app_timer.o(i.timer_timeouts_check)
    timer_timeouts_check                     0x00002d95   Thumb Code   106  app_timer.o(i.timer_timeouts_check)
    i.tx_byte                                0x00002e08   Section        0  nrfx_uart.o(i.tx_byte)
    tx_byte                                  0x00002e09   Thumb Code    32  nrfx_uart.o(i.tx_byte)
    i.tx_done_event                          0x00002e28   Section        0  nrfx_uart.o(i.tx_done_event)
    tx_done_event                            0x00002e29   Thumb Code    26  nrfx_uart.o(i.tx_done_event)
    i.uart_evt_handler                       0x00002e44   Section        0  nrf_drv_uart.o(i.uart_evt_handler)
    uart_evt_handler                         0x00002e45   Thumb Code    42  nrf_drv_uart.o(i.uart_evt_handler)
    i.uart_evt_handler                       0x00002e74   Section        0  nrf_log_backend_uart.o(i.uart_evt_handler)
    uart_evt_handler                         0x00002e75   Thumb Code     8  nrf_log_backend_uart.o(i.uart_evt_handler)
    i.uart_init                              0x00002e80   Section        0  nrf_log_backend_uart.o(i.uart_init)
    uart_init                                0x00002e81   Thumb Code    66  nrf_log_backend_uart.o(i.uart_init)
    i.uart_irq_handler                       0x00002ed0   Section        0  nrfx_uart.o(i.uart_irq_handler)
    uart_irq_handler                         0x00002ed1   Thumb Code   296  nrfx_uart.o(i.uart_irq_handler)
    i.uarte_evt_handler                      0x00002ff8   Section        0  nrf_drv_uart.o(i.uarte_evt_handler)
    uarte_evt_handler                        0x00002ff9   Thumb Code    42  nrf_drv_uart.o(i.uarte_evt_handler)
    i.uarte_irq_handler                      0x00003028   Section        0  nrfx_uarte.o(i.uarte_irq_handler)
    uarte_irq_handler                        0x00003029   Thumb Code   244  nrfx_uarte.o(i.uarte_irq_handler)
    i.unsigned_print                         0x0000311c   Section        0  nrf_fprintf_format.o(i.unsigned_print)
    unsigned_print                           0x0000311d   Thumb Code   176  nrf_fprintf_format.o(i.unsigned_print)
    .constdata                               0x000031d0   Section       40  main.o(.constdata)
    delay_bytecode                           0x000031d0   Data           6  main.o(.constdata)
    spi                                      0x000031d8   Data          16  main.o(.constdata)
    .constdata                               0x000031f8   Section        4  boards.o(.constdata)
    m_board_btn_list                         0x000031f8   Data           1  boards.o(.constdata)
    m_board_led_list                         0x000031f9   Data           3  boards.o(.constdata)
    .constdata                               0x000031fc   Section       16  nrf_drv_spi.o(.constdata)
    .constdata                               0x0000320c   Section        4  nrfx_gpiote.o(.constdata)
    .constdata                               0x00003210   Section        4  nrfx_spim.o(.constdata)
    irq_handlers                             0x00003210   Data           4  nrfx_spim.o(.constdata)
    .constdata                               0x00003214   Section        4  nrfx_uart.o(.constdata)
    irq_handlers                             0x00003214   Data           4  nrfx_uart.o(.constdata)
    .constdata                               0x00003218   Section        4  nrfx_uarte.o(.constdata)
    irq_handlers                             0x00003218   Data           4  nrfx_uarte.o(.constdata)
    .constdata                               0x00003220   Section        6  app_timer.o(.constdata)
    delay_bytecode                           0x00003220   Data           6  app_timer.o(.constdata)
    .constdata                               0x00003226   Section       16  nrf_fprintf_format.o(.constdata)
    _aV2C                                    0x00003226   Data          16  nrf_fprintf_format.o(.constdata)
    .constdata                               0x00003238   Section       12  nrf_log_backend_uart.o(.constdata)
    .constdata                               0x00003244   Section       32  nrf_log_backend_uart.o(.constdata)
    .constdata                               0x00003264   Section      129  ctype_o.o(.constdata)
    .constdata                               0x000032e8   Section        4  ctype_o.o(.constdata)
    table                                    0x000032e8   Data           4  ctype_o.o(.constdata)
    .conststring                             0x000032ec   Section      102  nrf_log_str_formatter.o(.conststring)
    .conststrlit                             0x00003354   Section        7  nrfx_gpiote.o(.conststrlit)
    .conststrlit                             0x0000335c   Section        4  nrfx_prs.o(.conststrlit)
    .conststrlit                             0x00003360   Section        5  nrfx_spim.o(.conststrlit)
    .conststrlit                             0x00003368   Section        5  nrfx_uart.o(.conststrlit)
    .conststrlit                             0x00003370   Section        6  nrfx_uarte.o(.conststrlit)
    .conststrlit                             0x00003378   Section        6  nrfx_clock.o(.conststrlit)
    .conststrlit                             0x00003380   Section        6  nrfx_timer.o(.conststrlit)
    .conststrlit                             0x00003388   Section        6  nrf_drv_clock.o(.conststrlit)
    .conststrlit                             0x00003390   Section       24  nrf_log_frontend.o(.conststrlit)
    log_const_data                           0x000033c8   Section        8  nrfx_gpiote.o(log_const_data)
    __tagsym$$used                           0x000033c8   Number         0  nrfx_gpiote.o(log_const_data)
    log_const_data                           0x000033d0   Section        8  nrfx_prs.o(log_const_data)
    __tagsym$$used                           0x000033d0   Number         0  nrfx_prs.o(log_const_data)
    log_const_data                           0x000033d8   Section        8  nrfx_spim.o(log_const_data)
    __tagsym$$used                           0x000033d8   Number         0  nrfx_spim.o(log_const_data)
    log_const_data                           0x000033e0   Section        8  nrfx_uart.o(log_const_data)
    __tagsym$$used                           0x000033e0   Number         0  nrfx_uart.o(log_const_data)
    log_const_data                           0x000033e8   Section        8  nrfx_uarte.o(log_const_data)
    __tagsym$$used                           0x000033e8   Number         0  nrfx_uarte.o(log_const_data)
    log_const_data                           0x000033f0   Section        8  nrfx_clock.o(log_const_data)
    __tagsym$$used                           0x000033f0   Number         0  nrfx_clock.o(log_const_data)
    log_const_data                           0x000033f8   Section        8  nrfx_timer.o(log_const_data)
    __tagsym$$used                           0x000033f8   Number         0  nrfx_timer.o(log_const_data)
    log_const_data                           0x00003400   Section        8  nrf_drv_clock.o(log_const_data)
    __tagsym$$used                           0x00003400   Number         0  nrf_drv_clock.o(log_const_data)
    log_const_data                           0x00003408   Section       16  nrf_log_frontend.o(log_const_data)
    __tagsym$$used                           0x00003408   Number         0  nrf_log_frontend.o(log_const_data)
    __tagsym$$used                           0x00003410   Number         0  nrf_log_frontend.o(log_const_data)
    nrf_balloc                               0x00003418   Section       24  nrf_log_frontend.o(nrf_balloc)
    __tagsym$$used                           0x00003418   Number         0  nrf_log_frontend.o(nrf_balloc)
    .data                                    0x20000000   Section       23  main.o(.data)
    spi_xfer_done                            0x20000000   Data           1  main.o(.data)
    i                                        0x20000004   Data           4  main.o(.data)
    m_tx_buf                                 0x20000008   Data           7  main.o(.data)
    m_rx_buf                                 0x2000000f   Data           8  main.o(.data)
    .data                                    0x20000018   Section       12  nrf_drv_uart.o(.data)
    m_handlers                               0x2000001c   Data           4  nrf_drv_uart.o(.data)
    m_contexts                               0x20000020   Data           4  nrf_drv_uart.o(.data)
    .data                                    0x20000024   Section        8  nrfx_prs.o(.data)
    m_prs_box_4                              0x20000024   Data           8  nrfx_prs.o(.data)
    .data                                    0x2000002c   Section        8  nrfx_clock.o(.data)
    m_clock_cb                               0x2000002c   Data           8  nrfx_clock.o(.data)
    .data                                    0x20000034   Section       20  app_timer.o(.data)
    m_ticks_elapsed_q_read_ind               0x20000034   Data           1  app_timer.o(.data)
    m_ticks_elapsed_q_write_ind              0x20000035   Data           1  app_timer.o(.data)
    m_rtc1_running                           0x20000036   Data           1  app_timer.o(.data)
    m_rtc1_reset                             0x20000037   Data           1  app_timer.o(.data)
    mp_timer_id_head                         0x20000038   Data           4  app_timer.o(.data)
    m_ticks_latest                           0x2000003c   Data           4  app_timer.o(.data)
    m_ticks_elapsed                          0x20000040   Data           8  app_timer.o(.data)
    .data                                    0x20000048   Section        4  app_util_platform.o(.data)
    m_in_critical_region                     0x20000048   Data           4  app_util_platform.o(.data)
    .data                                    0x2000004c   Section       24  nrf_log_backend_uart.o(.data)
    m_xfer_done                              0x2000004c   Data           1  nrf_log_backend_uart.o(.data)
    m_async_mode                             0x2000004d   Data           1  nrf_log_backend_uart.o(.data)
    .data                                    0x20000064   Section       12  nrf_log_default_backends.o(.data)
    uart_log_backend                         0x20000064   Data          12  nrf_log_default_backends.o(.data)
    .data                                    0x20000070   Section        8  nrf_log_frontend.o(.data)
    log_mempool_nrf_balloc_pool_stack        0x20000070   Data           8  nrf_log_frontend.o(.data)
    .data                                    0x20000078   Section        8  nrf_log_frontend.o(.data)
    log_mempool_nrf_balloc_cb                0x20000078   Data           8  nrf_log_frontend.o(.data)
    .data                                    0x20000080   Section       64  nrf_log_str_formatter.o(.data)
    m_freq                                   0x20000080   Data           4  nrf_log_str_formatter.o(.data)
    m_timestamp_div                          0x20000084   Data           4  nrf_log_str_formatter.o(.data)
    severity_names                           0x20000088   Data          20  nrf_log_str_formatter.o(.data)
    m_colors                                 0x2000009c   Data          36  nrf_log_str_formatter.o(.data)
    .data                                    0x200000c0   Section        4  system_nrf52.o(.data)
    __tagsym$$used                           0x200000c0   Number         0  system_nrf52.o(.data)
    log_dynamic_data                         0x200000c4   Section        4  nrfx_gpiote.o(log_dynamic_data)
    __tagsym$$used                           0x200000c4   Number         0  nrfx_gpiote.o(log_dynamic_data)
    log_dynamic_data                         0x200000c8   Section        4  nrfx_prs.o(log_dynamic_data)
    __tagsym$$used                           0x200000c8   Number         0  nrfx_prs.o(log_dynamic_data)
    log_dynamic_data                         0x200000cc   Section        4  nrfx_spim.o(log_dynamic_data)
    __tagsym$$used                           0x200000cc   Number         0  nrfx_spim.o(log_dynamic_data)
    log_dynamic_data                         0x200000d0   Section        4  nrfx_uart.o(log_dynamic_data)
    __tagsym$$used                           0x200000d0   Number         0  nrfx_uart.o(log_dynamic_data)
    log_dynamic_data                         0x200000d4   Section        4  nrfx_uarte.o(log_dynamic_data)
    __tagsym$$used                           0x200000d4   Number         0  nrfx_uarte.o(log_dynamic_data)
    log_dynamic_data                         0x200000d8   Section        4  nrfx_clock.o(log_dynamic_data)
    __tagsym$$used                           0x200000d8   Number         0  nrfx_clock.o(log_dynamic_data)
    log_dynamic_data                         0x200000dc   Section        4  nrfx_timer.o(log_dynamic_data)
    __tagsym$$used                           0x200000dc   Number         0  nrfx_timer.o(log_dynamic_data)
    log_dynamic_data                         0x200000e0   Section        4  nrf_drv_clock.o(log_dynamic_data)
    __tagsym$$used                           0x200000e0   Number         0  nrf_drv_clock.o(log_dynamic_data)
    log_dynamic_data                         0x200000e4   Section        8  nrf_log_frontend.o(log_dynamic_data)
    __tagsym$$used                           0x200000e4   Number         0  nrf_log_frontend.o(log_dynamic_data)
    __tagsym$$used                           0x200000e8   Number         0  nrf_log_frontend.o(log_dynamic_data)
    .bss                                     0x200000ec   Section       24  nrf_drv_spi.o(.bss)
    m_handlers                               0x200000ec   Data          12  nrf_drv_spi.o(.bss)
    m_contexts                               0x200000f8   Data          12  nrf_drv_spi.o(.bss)
    .bss                                     0x20000104   Section       92  nrfx_gpiote.o(.bss)
    m_cb                                     0x20000104   Data          92  nrfx_gpiote.o(.bss)
    .bss                                     0x20000160   Section       36  nrfx_spim.o(.bss)
    m_cb                                     0x20000160   Data          36  nrfx_spim.o(.bss)
    .bss                                     0x20000184   Section       44  nrfx_uart.o(.bss)
    m_cb                                     0x20000184   Data          44  nrfx_uart.o(.bss)
    .bss                                     0x200001b0   Section       36  nrfx_uarte.o(.bss)
    m_cb                                     0x200001b0   Data          36  nrfx_uarte.o(.bss)
    .bss                                     0x200001d4   Section       12  nrfx_timer.o(.bss)
    m_cb                                     0x200001d4   Data          12  nrfx_timer.o(.bss)
    .bss                                     0x200001e0   Section       20  nrf_drv_clock.o(.bss)
    m_clock_cb                               0x200001e0   Data          20  nrf_drv_clock.o(.bss)
    .bss                                     0x200001f4   Section      268  app_timer.o(.bss)
    m_op_queue                               0x200001f4   Data         268  app_timer.o(.bss)
    .bss                                     0x20000300   Section       64  nrf_log_backend_uart.o(.bss)
    m_string_buff                            0x20000300   Data          64  nrf_log_backend_uart.o(.bss)
    .bss                                     0x20000340   Section      192  nrf_log_frontend.o(.bss)
    log_mempool_nrf_balloc_pool_mem          0x20000340   Data         192  nrf_log_frontend.o(.bss)
    .bss                                     0x20000400   Section     1060  nrf_log_frontend.o(.bss)
    m_log_data                               0x20000400   Data        1060  nrf_log_frontend.o(.bss)
    STACK                                    0x20000828   Section     8192  arm_startup_nrf52.o(STACK)

    Global Symbols

    Symbol Name                              Value     Ov Type        Size  Object(Section)

    BuildAttributes$$THM_ISAv4$E$P$D$K$B$S$7EM$VFPi3$EXTD16$VFPS$VFMA$PE$A:L22UL41UL21$X:L11$S22US41US21$IEEE1$IW$USESV6$~STKCKD$USESV7$~SHL$OSPACE$EBA8$MICROLIB$REQ8$EABIv2 0x00000000   Number         0  anon$$obj.o ABSOLUTE
    __ARM_use_no_argv                        0x00000000   Number         0  main.o ABSOLUTE
    __Vectors                                0x00000000   Data           4  arm_startup_nrf52.o(RESET)
    __use_no_errno                           0x00000000   Number         0  useno.o ABSOLUTE
    __use_no_exception_handling              0x00000000   Number         0  useno.o ABSOLUTE
    __use_no_fp                              0x00000000   Number         0  useno.o ABSOLUTE
    __use_no_heap                            0x00000000   Number         0  useno.o ABSOLUTE
    __use_no_heap_region                     0x00000000   Number         0  useno.o ABSOLUTE
    __use_no_semihosting                     0x00000000   Number         0  useno.o ABSOLUTE
    __use_no_semihosting_swi                 0x00000000   Number         0  useno.o ABSOLUTE
    __use_no_signal_handling                 0x00000000   Number         0  useno.o ABSOLUTE
    __cpp_initialize__aeabi_                  - Undefined Weak Reference
    __cxa_finalize                            - Undefined Weak Reference
    __decompress                              - Undefined Weak Reference
    _clock_init                               - Undefined Weak Reference
    _microlib_exit                            - Undefined Weak Reference
    __Vectors_End                            0x00000200   Data           0  arm_startup_nrf52.o(RESET)
    __Vectors_Size                           0x00000200   Number         0  arm_startup_nrf52.o ABSOLUTE
    __main                                   0x00000201   Thumb Code     0  entry.o(.ARM.Collect$$$$00000000)
    _main_stk                                0x00000201   Thumb Code     0  entry2.o(.ARM.Collect$$$$00000001)
    _main_scatterload                        0x00000205   Thumb Code     0  entry5.o(.ARM.Collect$$$$00000004)
    __main_after_scatterload                 0x00000209   Thumb Code     0  entry5.o(.ARM.Collect$$$$00000004)
    _main_clock                              0x00000209   Thumb Code     0  entry7b.o(.ARM.Collect$$$$00000008)
    _main_cpp_init                           0x00000209   Thumb Code     0  entry8b.o(.ARM.Collect$$$$0000000A)
    _main_init                               0x00000209   Thumb Code     0  entry9a.o(.ARM.Collect$$$$0000000B)
    __rt_final_cpp                           0x00000211   Thumb Code     0  entry10a.o(.ARM.Collect$$$$0000000D)
    __rt_final_exit                          0x00000211   Thumb Code     0  entry11a.o(.ARM.Collect$$$$0000000F)
    __asm___12_nrf_atomic_c_85ca2469__nrf_atomic_internal_mov 0x00000215   Thumb Code    24  nrf_atomic.o(.emb_text)
    __asm___12_nrf_atomic_c_85ca2469__nrf_atomic_internal_orr 0x0000022d   Thumb Code    26  nrf_atomic.o(.emb_text)
    __asm___12_nrf_atomic_c_85ca2469__nrf_atomic_internal_and 0x00000247   Thumb Code    26  nrf_atomic.o(.emb_text)
    __asm___12_nrf_atomic_c_85ca2469__nrf_atomic_internal_eor 0x00000261   Thumb Code    26  nrf_atomic.o(.emb_text)
    __asm___12_nrf_atomic_c_85ca2469__nrf_atomic_internal_add 0x0000027b   Thumb Code    26  nrf_atomic.o(.emb_text)
    __asm___12_nrf_atomic_c_85ca2469__nrf_atomic_internal_sub 0x00000295   Thumb Code    26  nrf_atomic.o(.emb_text)
    __asm___12_nrf_atomic_c_85ca2469__nrf_atomic_internal_cmp_exch 0x000002af   Thumb Code    42  nrf_atomic.o(.emb_text)
    __asm___12_nrf_atomic_c_85ca2469__nrf_atomic_internal_sub_hs 0x000002d9   Thumb Code    30  nrf_atomic.o(.emb_text)
    Reset_Handler                            0x000002f9   Thumb Code     8  arm_startup_nrf52.o(.text)
    NMI_Handler                              0x00000301   Thumb Code     2  arm_startup_nrf52.o(.text)
    HardFault_Handler                        0x00000303   Thumb Code     2  arm_startup_nrf52.o(.text)
    MemoryManagement_Handler                 0x00000305   Thumb Code     2  arm_startup_nrf52.o(.text)
    BusFault_Handler                         0x00000307   Thumb Code     2  arm_startup_nrf52.o(.text)
    UsageFault_Handler                       0x00000309   Thumb Code     2  arm_startup_nrf52.o(.text)
    SVC_Handler                              0x0000030b   Thumb Code     2  arm_startup_nrf52.o(.text)
    DebugMon_Handler                         0x0000030d   Thumb Code     2  arm_startup_nrf52.o(.text)
    PendSV_Handler                           0x0000030f   Thumb Code     2  arm_startup_nrf52.o(.text)
    SysTick_Handler                          0x00000311   Thumb Code     2  arm_startup_nrf52.o(.text)
    CCM_AAR_IRQHandler                       0x00000313   Thumb Code     0  arm_startup_nrf52.o(.text)
    COMP_LPCOMP_IRQHandler                   0x00000313   Thumb Code     0  arm_startup_nrf52.o(.text)
    ECB_IRQHandler                           0x00000313   Thumb Code     0  arm_startup_nrf52.o(.text)
    FPU_IRQHandler                           0x00000313   Thumb Code     0  arm_startup_nrf52.o(.text)
    I2S_IRQHandler                           0x00000313   Thumb Code     0  arm_startup_nrf52.o(.text)
    MWU_IRQHandler                           0x00000313   Thumb Code     0  arm_startup_nrf52.o(.text)
    NFCT_IRQHandler                          0x00000313   Thumb Code     0  arm_startup_nrf52.o(.text)
    PDM_IRQHandler                           0x00000313   Thumb Code     0  arm_startup_nrf52.o(.text)
    PWM0_IRQHandler                          0x00000313   Thumb Code     0  arm_startup_nrf52.o(.text)
    PWM1_IRQHandler                          0x00000313   Thumb Code     0  arm_startup_nrf52.o(.text)
    PWM2_IRQHandler                          0x00000313   Thumb Code     0  arm_startup_nrf52.o(.text)
    QDEC_IRQHandler                          0x00000313   Thumb Code     0  arm_startup_nrf52.o(.text)
    RADIO_IRQHandler                         0x00000313   Thumb Code     0  arm_startup_nrf52.o(.text)
    RNG_IRQHandler                           0x00000313   Thumb Code     0  arm_startup_nrf52.o(.text)
    RTC0_IRQHandler                          0x00000313   Thumb Code     0  arm_startup_nrf52.o(.text)
    RTC2_IRQHandler                          0x00000313   Thumb Code     0  arm_startup_nrf52.o(.text)
    SAADC_IRQHandler                         0x00000313   Thumb Code     0  arm_startup_nrf52.o(.text)
    SPIM1_SPIS1_TWIM1_TWIS1_SPI1_TWI1_IRQHandler 0x00000313   Thumb Code     0  arm_startup_nrf52.o(.text)
    SPIM2_SPIS2_SPI2_IRQHandler              0x00000313   Thumb Code     0  arm_startup_nrf52.o(.text)
    SWI1_EGU1_IRQHandler                     0x00000313   Thumb Code     0  arm_startup_nrf52.o(.text)
    SWI2_EGU2_IRQHandler                     0x00000313   Thumb Code     0  arm_startup_nrf52.o(.text)
    SWI3_EGU3_IRQHandler                     0x00000313   Thumb Code     0  arm_startup_nrf52.o(.text)
    SWI4_EGU4_IRQHandler                     0x00000313   Thumb Code     0  arm_startup_nrf52.o(.text)
    SWI5_EGU5_IRQHandler                     0x00000313   Thumb Code     0  arm_startup_nrf52.o(.text)
    TEMP_IRQHandler                          0x00000313   Thumb Code     0  arm_startup_nrf52.o(.text)
    TIMER1_IRQHandler                        0x00000313   Thumb Code     0  arm_startup_nrf52.o(.text)
    TIMER2_IRQHandler                        0x00000313   Thumb Code     0  arm_startup_nrf52.o(.text)
    TIMER3_IRQHandler                        0x00000313   Thumb Code     0  arm_startup_nrf52.o(.text)
    TIMER4_IRQHandler                        0x00000313   Thumb Code     0  arm_startup_nrf52.o(.text)
    WDT_IRQHandler                           0x00000313   Thumb Code     0  arm_startup_nrf52.o(.text)
    __rt_ctype_table                         0x0000031d   Thumb Code     4  ctype_o.o(.text)
    __aeabi_memcpy                           0x00000325   Thumb Code    36  memcpya.o(.text)
    __aeabi_memcpy4                          0x00000325   Thumb Code     0  memcpya.o(.text)
    __aeabi_memcpy8                          0x00000325   Thumb Code     0  memcpya.o(.text)
    __aeabi_memset                           0x00000349   Thumb Code    14  memseta.o(.text)
    __aeabi_memset4                          0x00000349   Thumb Code     0  memseta.o(.text)
    __aeabi_memset8                          0x00000349   Thumb Code     0  memseta.o(.text)
    __aeabi_memclr                           0x00000357   Thumb Code     4  memseta.o(.text)
    __aeabi_memclr4                          0x00000357   Thumb Code     0  memseta.o(.text)
    __aeabi_memclr8                          0x00000357   Thumb Code     0  memseta.o(.text)
    _memset$wrapper                          0x0000035b   Thumb Code    18  memseta.o(.text)
    strlen                                   0x0000036d   Thumb Code    14  strlen.o(.text)
    __scatterload                            0x0000037d   Thumb Code    28  init.o(.text)
    __scatterload_rt2                        0x0000037d   Thumb Code     0  init.o(.text)
    GPIOTE_IRQHandler                        0x000003a1   Thumb Code   346  nrfx_gpiote.o(i.GPIOTE_IRQHandler)
    POWER_CLOCK_IRQHandler                   0x00000569   Thumb Code    82  nrfx_clock.o(i.POWER_CLOCK_IRQHandler)
    RTC1_IRQHandler                          0x000005c1   Thumb Code    32  app_timer.o(i.RTC1_IRQHandler)
    SPIM0_SPIS0_TWIM0_TWIS0_SPI0_TWI0_IRQHandler 0x000005e5   Thumb Code    76  nrfx_spim.o(i.SPIM0_SPIS0_TWIM0_TWIS0_SPI0_TWI0_IRQHandler)
    SWI0_EGU0_IRQHandler                     0x00000639   Thumb Code     4  app_timer.o(i.SWI0_EGU0_IRQHandler)
    SystemInit                               0x0000063d   Thumb Code   726  system_nrf52.o(i.SystemInit)
    TIMER0_IRQHandler                        0x00000959   Thumb Code    70  nrfx_timer.o(i.TIMER0_IRQHandler)
    UARTE0_UART0_IRQHandler                  0x000009a9   Thumb Code     6  nrfx_prs.o(i.UARTE0_UART0_IRQHandler)
    __scatterload_copy                       0x000009b5   Thumb Code    14  handlers.o(i.__scatterload_copy)
    __scatterload_null                       0x000009c3   Thumb Code     2  handlers.o(i.__scatterload_null)
    __scatterload_zeroinit                   0x000009c5   Thumb Code    14  handlers.o(i.__scatterload_zeroinit)
    app_error_fault_handler                  0x000009d5   Thumb Code    84  app_error_weak.o(i.app_error_fault_handler)
    app_error_handler_bare                   0x00000a51   Thumb Code    22  app_error.o(i.app_error_handler_bare)
    app_timer_cnt_get                        0x00000a69   Thumb Code     6  app_timer.o(i.app_timer_cnt_get)
    app_timer_init                           0x00000a75   Thumb Code    70  app_timer.o(i.app_timer_init)
    app_util_critical_region_enter           0x00000ac9   Thumb Code     4  app_util_platform.o(i.app_util_critical_region_enter)
    app_util_critical_region_exit            0x00000acd   Thumb Code     4  app_util_platform.o(i.app_util_critical_region_exit)
    app_util_disable_irq                     0x00000ad1   Thumb Code    12  app_util_platform.o(i.app_util_disable_irq)
    app_util_enable_irq                      0x00000ae1   Thumb Code    14  app_util_platform.o(i.app_util_enable_irq)
    bsp_board_init                           0x00000c05   Thumb Code    72  boards.o(i.bsp_board_init)
    bsp_board_led_invert                     0x00000c51   Thumb Code    32  boards.o(i.bsp_board_led_invert)
    bsp_board_led_off                        0x00000c75   Thumb Code    10  boards.o(i.bsp_board_led_off)
    bsp_board_leds_off                       0x00000c85   Thumb Code    18  boards.o(i.bsp_board_leds_off)
    buffer_is_empty                          0x00000d41   Thumb Code    16  nrf_log_frontend.o(i.buffer_is_empty)
    main                                     0x000011c9   Thumb Code   238  main.o(i.main)
    nrf_atomic_flag_clear_fetch              0x00001389   Thumb Code     6  nrf_atomic.o(i.nrf_atomic_flag_clear_fetch)
    nrf_atomic_flag_set                      0x0000138f   Thumb Code     6  nrf_atomic.o(i.nrf_atomic_flag_set)
    nrf_atomic_u32_add                       0x00001395   Thumb Code    12  nrf_atomic.o(i.nrf_atomic_u32_add)
    nrf_atomic_u32_fetch_and                 0x000013a1   Thumb Code    10  nrf_atomic.o(i.nrf_atomic_u32_fetch_and)
    nrf_atomic_u32_fetch_store               0x000013ab   Thumb Code    10  nrf_atomic.o(i.nrf_atomic_u32_fetch_store)
    nrf_atomic_u32_or                        0x000013b5   Thumb Code    12  nrf_atomic.o(i.nrf_atomic_u32_or)
    nrf_atomic_u32_sub                       0x000013c1   Thumb Code    12  nrf_atomic.o(i.nrf_atomic_u32_sub)
    nrf_balloc_alloc                         0x000013cd   Thumb Code    62  nrf_balloc.o(i.nrf_balloc_alloc)
    nrf_balloc_free                          0x0000140b   Thumb Code    42  nrf_balloc.o(i.nrf_balloc_free)
    nrf_balloc_init                          0x00001435   Thumb Code    48  nrf_balloc.o(i.nrf_balloc_init)
    nrf_drv_clock_init                       0x000014c9   Thumb Code    42  nrf_drv_clock.o(i.nrf_drv_clock_init)
    nrf_drv_clock_lfclk_request              0x000014fd   Thumb Code    68  nrf_drv_clock.o(i.nrf_drv_clock_lfclk_request)
    nrf_drv_spi_init                         0x00001545   Thumb Code    98  nrf_drv_spi.o(i.nrf_drv_spi_init)
    nrf_drv_uart_init                        0x000015b5   Thumb Code    90  nrf_drv_uart.o(i.nrf_drv_uart_init)
    nrf_fprintf                              0x0000161d   Thumb Code    26  nrf_fprintf.o(i.nrf_fprintf)
    nrf_fprintf_buffer_flush                 0x00001637   Thumb Code    24  nrf_fprintf.o(i.nrf_fprintf_buffer_flush)
    nrf_fprintf_fmt                          0x0000164f   Thumb Code   474  nrf_fprintf_format.o(i.nrf_fprintf_fmt)
    nrf_log_backend_add                      0x000019dd   Thumb Code    74  nrf_log_frontend.o(i.nrf_log_backend_add)
    nrf_log_backend_serial_put               0x00001a2d   Thumb Code   200  nrf_log_backend_serial.o(i.nrf_log_backend_serial_put)
    nrf_log_backend_uart_init                0x00001af7   Thumb Code     6  nrf_log_backend_uart.o(i.nrf_log_backend_uart_init)
    nrf_log_color_id_get                     0x00001b41   Thumb Code    42  nrf_log_frontend.o(i.nrf_log_color_id_get)
    nrf_log_default_backends_init            0x00001b71   Thumb Code    22  nrf_log_default_backends.o(i.nrf_log_default_backends_init)
    nrf_log_frontend_dequeue                 0x00001b8d   Thumb Code   502  nrf_log_frontend.o(i.nrf_log_frontend_dequeue)
    nrf_log_frontend_hexdump                 0x00001da5   Thumb Code   164  nrf_log_frontend.o(i.nrf_log_frontend_hexdump)
    nrf_log_frontend_std_0                   0x00001e4d   Thumb Code     8  nrf_log_frontend.o(i.nrf_log_frontend_std_0)
    nrf_log_hexdump_entry_process            0x00001e55   Thumb Code   146  nrf_log_str_formatter.o(i.nrf_log_hexdump_entry_process)
    nrf_log_init                             0x00001f01   Thumb Code    66  nrf_log_frontend.o(i.nrf_log_init)
    nrf_log_module_cnt_get                   0x00001f59   Thumb Code    10  nrf_log_frontend.o(i.nrf_log_module_cnt_get)
    nrf_log_module_name_get                  0x00001f6d   Thumb Code    24  nrf_log_frontend.o(i.nrf_log_module_name_get)
    nrf_log_panic                            0x00001f89   Thumb Code    34  nrf_log_frontend.o(i.nrf_log_panic)
    nrf_log_std_entry_process                0x00001fb1   Thumb Code   182  nrf_log_str_formatter.o(i.nrf_log_std_entry_process)
    nrf_memobj_alloc                         0x00002067   Thumb Code    96  nrf_memobj.o(i.nrf_memobj_alloc)
    nrf_memobj_free                          0x000020c7   Thumb Code    50  nrf_memobj.o(i.nrf_memobj_free)
    nrf_memobj_get                           0x000020f9   Thumb Code     8  nrf_memobj.o(i.nrf_memobj_get)
    nrf_memobj_pool_init                     0x00002101   Thumb Code     4  nrf_memobj.o(i.nrf_memobj_pool_init)
    nrf_memobj_put                           0x00002105   Thumb Code    30  nrf_memobj.o(i.nrf_memobj_put)
    nrf_memobj_read                          0x00002123   Thumb Code    12  nrf_memobj.o(i.nrf_memobj_read)
    nrf_memobj_write                         0x0000212f   Thumb Code    12  nrf_memobj.o(i.nrf_memobj_write)
    nrfx_clock_enable                        0x00002189   Thumb Code    36  nrfx_clock.o(i.nrfx_clock_enable)
    nrfx_clock_init                          0x000021b5   Thumb Code    26  nrfx_clock.o(i.nrfx_clock_init)
    nrfx_clock_lfclk_start                   0x000021d5   Thumb Code    64  nrfx_clock.o(i.nrfx_clock_lfclk_start)
    nrfx_prs_acquire                         0x00002251   Thumb Code    48  nrfx_prs.o(i.nrfx_prs_acquire)
    nrfx_prs_release                         0x00002281   Thumb Code    18  nrfx_prs.o(i.nrfx_prs_release)
    nrfx_spim_init                           0x00002295   Thumb Code   392  nrfx_spim.o(i.nrfx_spim_init)
    nrfx_spim_xfer                           0x00002425   Thumb Code    94  nrfx_spim.o(i.nrfx_spim_xfer)
    nrfx_uart_0_irq_handler                  0x00002489   Thumb Code     8  nrfx_uart.o(i.nrfx_uart_0_irq_handler)
    nrfx_uart_init                           0x00002499   Thumb Code   200  nrfx_uart.o(i.nrfx_uart_init)
    nrfx_uart_tx                             0x0000256d   Thumb Code   160  nrfx_uart.o(i.nrfx_uart_tx)
    nrfx_uart_tx_in_progress                 0x00002611   Thumb Code    26  nrfx_uart.o(i.nrfx_uart_tx_in_progress)
    nrfx_uart_uninit                         0x00002631   Thumb Code   170  nrfx_uart.o(i.nrfx_uart_uninit)
    nrfx_uarte_0_irq_handler                 0x000026e5   Thumb Code     8  nrfx_uarte.o(i.nrfx_uarte_0_irq_handler)
    nrfx_uarte_init                          0x000026f5   Thumb Code   100  nrfx_uarte.o(i.nrfx_uarte_init)
    nrfx_uarte_tx                            0x00002761   Thumb Code   138  nrfx_uarte.o(i.nrfx_uarte_tx)
    nrfx_uarte_tx_in_progress                0x000027f1   Thumb Code    22  nrfx_uarte.o(i.nrfx_uarte_tx_in_progress)
    nrfx_uarte_uninit                        0x0000280d   Thumb Code   166  nrfx_uarte.o(i.nrfx_uarte_uninit)
    spi_event_handler                        0x00002a85   Thumb Code    76  main.o(i.spi_event_handler)
    nrf_log_backend_uart_api                 0x00003238   Data          12  nrf_log_backend_uart.o(.constdata)
    __ctype_table                            0x00003264   Data         129  ctype_o.o(.constdata)
    Region$$Table$$Base                      0x000033a8   Number         0  anon$$obj.o(Region$$Table)
    Region$$Table$$Limit                     0x000033c8   Number         0  anon$$obj.o(Region$$Table)
    log_const_data$$Base                     0x000033c8   Number         0  nrfx_gpiote.o(log_const_data)
    m_nrf_log_GPIOTE_logs_data_const         0x000033c8   Data           8  nrfx_gpiote.o(log_const_data)
    m_nrf_log_PRS_logs_data_const            0x000033d0   Data           8  nrfx_prs.o(log_const_data)
    m_nrf_log_SPIM_logs_data_const           0x000033d8   Data           8  nrfx_spim.o(log_const_data)
    m_nrf_log_UART_logs_data_const           0x000033e0   Data           8  nrfx_uart.o(log_const_data)
    m_nrf_log_UARTE_logs_data_const          0x000033e8   Data           8  nrfx_uarte.o(log_const_data)
    m_nrf_log_CLOCK_logs_data_const          0x000033f0   Data           8  nrfx_clock.o(log_const_data)
    m_nrf_log_TIMER_logs_data_const          0x000033f8   Data           8  nrfx_timer.o(log_const_data)
    m_nrf_log_clock_logs_data_const          0x00003400   Data           8  nrf_drv_clock.o(log_const_data)
    m_nrf_log_balloc_log_mempool_logs_data_const 0x00003408   Data           8  nrf_log_frontend.o(log_const_data)
    m_nrf_log_app_logs_data_const            0x00003410   Data           8  nrf_log_frontend.o(log_const_data)
    log_const_data$$Limit                    0x00003418   Number         0  nrf_log_frontend.o(log_const_data)
    log_mempool                              0x00003418   Data          24  nrf_log_frontend.o(nrf_balloc)
    nrf_drv_uart_use_easy_dma                0x20000018   Data           1  nrf_drv_uart.o(.data)
    m_uart                                   0x20000050   Data          20  nrf_log_backend_uart.o(.data)
    SystemCoreClock                          0x200000c0   Data           4  system_nrf52.o(.data)
    log_dynamic_data$$Base                   0x200000c4   Number         0  nrfx_gpiote.o(log_dynamic_data)
    m_nrf_log_GPIOTE_logs_data_dynamic       0x200000c4   Data           4  nrfx_gpiote.o(log_dynamic_data)
    m_nrf_log_PRS_logs_data_dynamic          0x200000c8   Data           4  nrfx_prs.o(log_dynamic_data)
    m_nrf_log_SPIM_logs_data_dynamic         0x200000cc   Data           4  nrfx_spim.o(log_dynamic_data)
    m_nrf_log_UART_logs_data_dynamic         0x200000d0   Data           4  nrfx_uart.o(log_dynamic_data)
    m_nrf_log_UARTE_logs_data_dynamic        0x200000d4   Data           4  nrfx_uarte.o(log_dynamic_data)
    m_nrf_log_CLOCK_logs_data_dynamic        0x200000d8   Data           4  nrfx_clock.o(log_dynamic_data)
    m_nrf_log_TIMER_logs_data_dynamic        0x200000dc   Data           4  nrfx_timer.o(log_dynamic_data)
    m_nrf_log_clock_logs_data_dynamic        0x200000e0   Data           4  nrf_drv_clock.o(log_dynamic_data)
    m_nrf_log_balloc_log_mempool_logs_data_dynamic 0x200000e4   Data           4  nrf_log_frontend.o(log_dynamic_data)
    m_nrf_log_app_logs_data_dynamic          0x200000e8   Data           4  nrf_log_frontend.o(log_dynamic_data)
    __initial_sp                             0x20002828   Data           0  arm_startup_nrf52.o(STACK)



==============================================================================

Memory Map of the image

  Image Entry point : 0x00000201

  Load Region LR_IROM1 (Base: 0x00000000, Size: 0x0000351c, Max: 0x00080000, ABSOLUTE)

    Execution Region ER_IROM1 (Exec base: 0x00000000, Load base: 0x00000000, Size: 0x00003430, Max: 0x00080000, ABSOLUTE)

    Exec Addr    Load Addr    Size         Type   Attr      Idx    E Section Name        Object

    0x00000000   0x00000000   0x00000200   Data   RO         3472    RESET               arm_startup_nrf52.o
    0x00000200   0x00000200   0x00000000   Code   RO         3513  * .ARM.Collect$$$$00000000  mc_w.l(entry.o)
    0x00000200   0x00000200   0x00000004   Code   RO         3565    .ARM.Collect$$$$00000001  mc_w.l(entry2.o)
    0x00000204   0x00000204   0x00000004   Code   RO         3568    .ARM.Collect$$$$00000004  mc_w.l(entry5.o)
    0x00000208   0x00000208   0x00000000   Code   RO         3570    .ARM.Collect$$$$00000008  mc_w.l(entry7b.o)
    0x00000208   0x00000208   0x00000000   Code   RO         3572    .ARM.Collect$$$$0000000A  mc_w.l(entry8b.o)
    0x00000208   0x00000208   0x00000008   Code   RO         3573    .ARM.Collect$$$$0000000B  mc_w.l(entry9a.o)
    0x00000210   0x00000210   0x00000000   Code   RO         3575    .ARM.Collect$$$$0000000D  mc_w.l(entry10a.o)
    0x00000210   0x00000210   0x00000000   Code   RO         3577    .ARM.Collect$$$$0000000F  mc_w.l(entry11a.o)
    0x00000210   0x00000210   0x00000004   Code   RO         3566    .ARM.Collect$$$$00002712  mc_w.l(entry2.o)
    0x00000214   0x00000214   0x000000e2   Code   RO         2325    .emb_text           nrf_atomic.o
    0x000002f6   0x000002f6   0x00000002   PAD
    0x000002f8   0x000002f8   0x00000024   Code   RO         3473    .text               arm_startup_nrf52.o
    0x0000031c   0x0000031c   0x00000008   Code   RO         3525    .text               mc_w.l(ctype_o.o)
    0x00000324   0x00000324   0x00000024   Code   RO         3553    .text               mc_w.l(memcpya.o)
    0x00000348   0x00000348   0x00000024   Code   RO         3555    .text               mc_w.l(memseta.o)
    0x0000036c   0x0000036c   0x0000000e   Code   RO         3557    .text               mc_w.l(strlen.o)
    0x0000037a   0x0000037a   0x00000002   PAD
    0x0000037c   0x0000037c   0x00000024   Code   RO         3583    .text               mc_w.l(init.o)
    0x000003a0   0x000003a0   0x00000164   Code   RO          592    i.GPIOTE_IRQHandler  nrfx_gpiote.o
    0x00000504   0x00000504   0x00000016   Code   RO         2057    i.NVIC_ClearPendingIRQ  app_timer.o
    0x0000051a   0x0000051a   0x00000016   Code   RO         2058    i.NVIC_EnableIRQ    app_timer.o
    0x00000530   0x00000530   0x00000016   Code   RO         2059    i.NVIC_SetPendingIRQ  app_timer.o
    0x00000546   0x00000546   0x00000020   Code   RO         2060    i.NVIC_SetPriority  app_timer.o
    0x00000566   0x00000566   0x00000002   PAD
    0x00000568   0x00000568   0x00000058   Code   RO         1394    i.POWER_CLOCK_IRQHandler  nrfx_clock.o
    0x000005c0   0x000005c0   0x00000024   Code   RO         2061    i.RTC1_IRQHandler   app_timer.o
    0x000005e4   0x000005e4   0x00000054   Code   RO          936    i.SPIM0_SPIS0_TWIM0_TWIS0_SPI0_TWI0_IRQHandler  nrfx_spim.o
    0x00000638   0x00000638   0x00000004   Code   RO         2062    i.SWI0_EGU0_IRQHandler  app_timer.o
    0x0000063c   0x0000063c   0x0000031c   Code   RO         3481    i.SystemInit        system_nrf52.o
    0x00000958   0x00000958   0x00000050   Code   RO         1519    i.TIMER0_IRQHandler  nrfx_timer.o
    0x000009a8   0x000009a8   0x0000000c   Code   RO          867    i.UARTE0_UART0_IRQHandler  nrfx_prs.o
    0x000009b4   0x000009b4   0x0000000e   Code   RO         3587    i.__scatterload_copy  mc_w.l(handlers.o)
    0x000009c2   0x000009c2   0x00000002   Code   RO         3588    i.__scatterload_null  mc_w.l(handlers.o)
    0x000009c4   0x000009c4   0x0000000e   Code   RO         3589    i.__scatterload_zeroinit  mc_w.l(handlers.o)
    0x000009d2   0x000009d2   0x00000002   PAD
    0x000009d4   0x000009d4   0x0000007c   Code   RO         1963    i.app_error_fault_handler  app_error_weak.o
    0x00000a50   0x00000a50   0x00000016   Code   RO         1875    i.app_error_handler_bare  app_error.o
    0x00000a66   0x00000a66   0x00000002   PAD
    0x00000a68   0x00000a68   0x0000000c   Code   RO         2064    i.app_timer_cnt_get  app_timer.o
    0x00000a74   0x00000a74   0x00000054   Code   RO         2066    i.app_timer_init    app_timer.o
    0x00000ac8   0x00000ac8   0x00000004   Code   RO         2233    i.app_util_critical_region_enter  app_util_platform.o
    0x00000acc   0x00000acc   0x00000004   Code   RO         2234    i.app_util_critical_region_exit  app_util_platform.o
    0x00000ad0   0x00000ad0   0x00000010   Code   RO         2235    i.app_util_disable_irq  app_util_platform.o
    0x00000ae0   0x00000ae0   0x00000014   Code   RO         2236    i.app_util_enable_irq  app_util_platform.o
    0x00000af4   0x00000af4   0x00000088   Code   RO         1063    i.apply_config      nrfx_uart.o
    0x00000b7c   0x00000b7c   0x00000088   Code   RO         1245    i.apply_config      nrfx_uarte.o
    0x00000c04   0x00000c04   0x0000004c   Code   RO          279    i.bsp_board_init    boards.o
    0x00000c50   0x00000c50   0x00000024   Code   RO          281    i.bsp_board_led_invert  boards.o
    0x00000c74   0x00000c74   0x00000010   Code   RO          282    i.bsp_board_led_off  boards.o
    0x00000c84   0x00000c84   0x00000012   Code   RO          285    i.bsp_board_leds_off  boards.o
    0x00000c96   0x00000c96   0x00000002   PAD
    0x00000c98   0x00000c98   0x00000088   Code   RO         2873    i.buf_prealloc      nrf_log_frontend.o
    0x00000d20   0x00000d20   0x0000001e   Code   RO         2543    i.buffer_add        nrf_fprintf_format.o
    0x00000d3e   0x00000d3e   0x00000002   PAD
    0x00000d40   0x00000d40   0x00000014   Code   RO         2874    i.buffer_is_empty   nrf_log_frontend.o
    0x00000d54   0x00000d54   0x00000010   Code   RO          595    i.channel_port_get  nrfx_gpiote.o
    0x00000d64   0x00000d64   0x00000028   Code   RO         1645    i.clock_clk_started_notify  nrf_drv_clock.o
    0x00000d8c   0x00000d8c   0x0000001c   Code   RO         1646    i.clock_irq_handler  nrf_drv_clock.o
    0x00000da8   0x00000da8   0x000000ac   Code   RO         2072    i.compare_reg_update  app_timer.o
    0x00000e54   0x00000e54   0x00000014   Code   RO         2876    i.dropped_sat16_get  nrf_log_frontend.o
    0x00000e68   0x00000e68   0x00000040   Code   RO         2073    i.elapsed_ticks_acquire  app_timer.o
    0x00000ea8   0x00000ea8   0x000000a6   Code   RO         2544    i.int_print         nrf_fprintf_format.o
    0x00000f4e   0x00000f4e   0x00000002   PAD
    0x00000f50   0x00000f50   0x00000080   Code   RO         1246    i.interrupts_enable  nrfx_uarte.o
    0x00000fd0   0x00000fd0   0x0000004c   Code   RO         2877    i.invalid_packets_pushed_str_omit  nrf_log_frontend.o
    0x0000101c   0x0000101c   0x00000016   Code   RO         1647    i.item_enqueue      nrf_drv_clock.o
    0x00001032   0x00001032   0x00000002   PAD
    0x00001034   0x00001034   0x000000f8   Code   RO         2074    i.list_insertions_handler  app_timer.o
    0x0000112c   0x0000112c   0x0000009c   Code   RO         2878    i.log_skip          nrf_log_frontend.o
    0x000011c8   0x000011c8   0x00000118   Code   RO            4    i.main              main.o
    0x000012e0   0x000012e0   0x00000076   Code   RO         2583    i.memobj_op         nrf_memobj.o
    0x00001356   0x00001356   0x00000002   PAD
    0x00001358   0x00001358   0x00000030   Code   RO         2879    i.module_idx_get    nrf_log_frontend.o
    0x00001388   0x00001388   0x00000006   Code   RO         2327    i.nrf_atomic_flag_clear_fetch  nrf_atomic.o
    0x0000138e   0x0000138e   0x00000006   Code   RO         2328    i.nrf_atomic_flag_set  nrf_atomic.o
    0x00001394   0x00001394   0x0000000c   Code   RO         2330    i.nrf_atomic_u32_add  nrf_atomic.o
    0x000013a0   0x000013a0   0x0000000a   Code   RO         2334    i.nrf_atomic_u32_fetch_and  nrf_atomic.o
    0x000013aa   0x000013aa   0x0000000a   Code   RO         2336    i.nrf_atomic_u32_fetch_store  nrf_atomic.o
    0x000013b4   0x000013b4   0x0000000c   Code   RO         2340    i.nrf_atomic_u32_or  nrf_atomic.o
    0x000013c0   0x000013c0   0x0000000c   Code   RO         2342    i.nrf_atomic_u32_sub  nrf_atomic.o
    0x000013cc   0x000013cc   0x0000003e   Code   RO         2464    i.nrf_balloc_alloc  nrf_balloc.o
    0x0000140a   0x0000140a   0x0000002a   Code   RO         2465    i.nrf_balloc_free   nrf_balloc.o
    0x00001434   0x00001434   0x00000030   Code   RO         2466    i.nrf_balloc_init   nrf_balloc.o
    0x00001464   0x00001464   0x00000010   Code   RO          596    i.nrf_bitmask_bit_is_set  nrfx_gpiote.o
    0x00001474   0x00001474   0x00000014   Code   RO          597    i.nrf_bitmask_bit_set  nrfx_gpiote.o
    0x00001488   0x00001488   0x0000000e   Code   RO         1395    i.nrf_clock_event_check  nrfx_clock.o
    0x00001496   0x00001496   0x00000010   Code   RO         1396    i.nrf_clock_event_clear  nrfx_clock.o
    0x000014a6   0x000014a6   0x00000002   PAD
    0x000014a8   0x000014a8   0x00000020   Code   RO            5    i.nrf_delay_ms      main.o
    0x000014c8   0x000014c8   0x00000034   Code   RO         1653    i.nrf_drv_clock_init  nrf_drv_clock.o
    0x000014fc   0x000014fc   0x00000048   Code   RO         1658    i.nrf_drv_clock_lfclk_request  nrf_drv_clock.o
    0x00001544   0x00001544   0x00000070   Code   RO          505    i.nrf_drv_spi_init  nrf_drv_spi.o
    0x000015b4   0x000015b4   0x00000068   Code   RO          540    i.nrf_drv_uart_init  nrf_drv_uart.o
    0x0000161c   0x0000161c   0x0000001a   Code   RO         2504    i.nrf_fprintf       nrf_fprintf.o
    0x00001636   0x00001636   0x00000018   Code   RO         2505    i.nrf_fprintf_buffer_flush  nrf_fprintf.o
    0x0000164e   0x0000164e   0x000001da   Code   RO         2545    i.nrf_fprintf_fmt   nrf_fprintf_format.o
    0x00001828   0x00001828   0x00000024   Code   RO          289    i.nrf_gpio_cfg      boards.o
    0x0000184c   0x0000184c   0x00000024   Code   RO          937    i.nrf_gpio_cfg      nrfx_spim.o
    0x00001870   0x00001870   0x00000024   Code   RO         1064    i.nrf_gpio_cfg      nrfx_uart.o
    0x00001894   0x00001894   0x00000024   Code   RO         1247    i.nrf_gpio_cfg      nrfx_uarte.o
    0x000018b8   0x000018b8   0x00000012   Code   RO         1065    i.nrf_gpio_cfg_default  nrfx_uart.o
    0x000018ca   0x000018ca   0x00000012   Code   RO         1248    i.nrf_gpio_cfg_default  nrfx_uarte.o
    0x000018dc   0x000018dc   0x00000012   Code   RO         1066    i.nrf_gpio_cfg_input  nrfx_uart.o
    0x000018ee   0x000018ee   0x00000012   Code   RO         1249    i.nrf_gpio_cfg_input  nrfx_uarte.o
    0x00001900   0x00001900   0x00000014   Code   RO          938    i.nrf_gpio_cfg_output  nrfx_spim.o
    0x00001914   0x00001914   0x00000014   Code   RO         1067    i.nrf_gpio_cfg_output  nrfx_uart.o
    0x00001928   0x00001928   0x00000014   Code   RO         1250    i.nrf_gpio_cfg_output  nrfx_uarte.o
    0x0000193c   0x0000193c   0x00000022   Code   RO          600    i.nrf_gpio_cfg_sense_set  nrfx_gpiote.o
    0x0000195e   0x0000195e   0x0000000e   Code   RO          939    i.nrf_gpio_pin_clear  nrfx_spim.o
    0x0000196c   0x0000196c   0x0000000e   Code   RO          940    i.nrf_gpio_pin_set  nrfx_spim.o
    0x0000197a   0x0000197a   0x00000016   Code   RO          290    i.nrf_gpio_pin_write  boards.o
    0x00001990   0x00001990   0x00000028   Code   RO          601    i.nrf_gpio_ports_read  nrfx_gpiote.o
    0x000019b8   0x000019b8   0x00000014   Code   RO          602    i.nrf_gpiote_event_clear  nrfx_gpiote.o
    0x000019cc   0x000019cc   0x00000010   Code   RO          603    i.nrf_gpiote_event_is_set  nrfx_gpiote.o
    0x000019dc   0x000019dc   0x00000050   Code   RO         2880    i.nrf_log_backend_add  nrf_log_frontend.o
    0x00001a2c   0x00001a2c   0x000000c8   Code   RO         2721    i.nrf_log_backend_serial_put  nrf_log_backend_serial.o
    0x00001af4   0x00001af4   0x00000002   Code   RO         2758    i.nrf_log_backend_uart_flush  nrf_log_backend_uart.o
    0x00001af6   0x00001af6   0x00000006   Code   RO         2759    i.nrf_log_backend_uart_init  nrf_log_backend_uart.o
    0x00001afc   0x00001afc   0x0000002c   Code   RO         2760    i.nrf_log_backend_uart_panic_set  nrf_log_backend_uart.o
    0x00001b28   0x00001b28   0x00000018   Code   RO         2761    i.nrf_log_backend_uart_put  nrf_log_backend_uart.o
    0x00001b40   0x00001b40   0x00000030   Code   RO         2882    i.nrf_log_color_id_get  nrf_log_frontend.o
    0x00001b70   0x00001b70   0x0000001c   Code   RO         2840    i.nrf_log_default_backends_init  nrf_log_default_backends.o
    0x00001b8c   0x00001b8c   0x00000218   Code   RO         2883    i.nrf_log_frontend_dequeue  nrf_log_frontend.o
    0x00001da4   0x00001da4   0x000000a8   Code   RO         2884    i.nrf_log_frontend_hexdump  nrf_log_frontend.o
    0x00001e4c   0x00001e4c   0x00000008   Code   RO         2885    i.nrf_log_frontend_std_0  nrf_log_frontend.o
    0x00001e54   0x00001e54   0x000000ac   Code   RO         3060    i.nrf_log_hexdump_entry_process  nrf_log_str_formatter.o
    0x00001f00   0x00001f00   0x00000058   Code   RO         2892    i.nrf_log_init      nrf_log_frontend.o
    0x00001f58   0x00001f58   0x00000014   Code   RO         2893    i.nrf_log_module_cnt_get  nrf_log_frontend.o
    0x00001f6c   0x00001f6c   0x0000001c   Code   RO         2896    i.nrf_log_module_name_get  nrf_log_frontend.o
    0x00001f88   0x00001f88   0x00000028   Code   RO         2897    i.nrf_log_panic     nrf_log_frontend.o
    0x00001fb0   0x00001fb0   0x000000b6   Code   RO         3061    i.nrf_log_std_entry_process  nrf_log_str_formatter.o
    0x00002066   0x00002066   0x00000060   Code   RO         2584    i.nrf_memobj_alloc  nrf_memobj.o
    0x000020c6   0x000020c6   0x00000032   Code   RO         2585    i.nrf_memobj_free   nrf_memobj.o
    0x000020f8   0x000020f8   0x00000008   Code   RO         2586    i.nrf_memobj_get    nrf_memobj.o
    0x00002100   0x00002100   0x00000004   Code   RO         2587    i.nrf_memobj_pool_init  nrf_memobj.o
    0x00002104   0x00002104   0x0000001e   Code   RO         2588    i.nrf_memobj_put    nrf_memobj.o
    0x00002122   0x00002122   0x0000000c   Code   RO         2589    i.nrf_memobj_read   nrf_memobj.o
    0x0000212e   0x0000212e   0x0000000c   Code   RO         2590    i.nrf_memobj_write  nrf_memobj.o
    0x0000213a   0x0000213a   0x0000000a   Code   RO          941    i.nrf_spim_event_check  nrfx_spim.o
    0x00002144   0x00002144   0x0000000c   Code   RO         1520    i.nrf_timer_event_clear  nrfx_timer.o
    0x00002150   0x00002150   0x0000000a   Code   RO         1068    i.nrf_uart_event_check  nrfx_uart.o
    0x0000215a   0x0000215a   0x0000000c   Code   RO         1069    i.nrf_uart_event_clear  nrfx_uart.o
    0x00002166   0x00002166   0x0000000c   Code   RO         1070    i.nrf_uart_int_enable_check  nrfx_uart.o
    0x00002172   0x00002172   0x0000000a   Code   RO         1251    i.nrf_uarte_event_check  nrfx_uarte.o
    0x0000217c   0x0000217c   0x0000000c   Code   RO         1252    i.nrf_uarte_event_clear  nrfx_uarte.o
    0x00002188   0x00002188   0x0000002c   Code   RO         1401    i.nrfx_clock_enable  nrfx_clock.o
    0x000021b4   0x000021b4   0x00000020   Code   RO         1404    i.nrfx_clock_init   nrfx_clock.o
    0x000021d4   0x000021d4   0x0000004c   Code   RO         1406    i.nrfx_clock_lfclk_start  nrfx_clock.o
    0x00002220   0x00002220   0x00000010   Code   RO         2075    i.nrfx_coredep_delay_us  app_timer.o
    0x00002230   0x00002230   0x00000010   Code   RO          942    i.nrfx_is_in_ram    nrfx_spim.o
    0x00002240   0x00002240   0x00000010   Code   RO         1253    i.nrfx_is_in_ram    nrfx_uarte.o
    0x00002250   0x00002250   0x00000030   Code   RO          868    i.nrfx_prs_acquire  nrfx_prs.o
    0x00002280   0x00002280   0x00000012   Code   RO          869    i.nrfx_prs_release  nrfx_prs.o
    0x00002292   0x00002292   0x00000002   PAD
    0x00002294   0x00002294   0x00000190   Code   RO          945    i.nrfx_spim_init    nrfx_spim.o
    0x00002424   0x00002424   0x00000064   Code   RO          948    i.nrfx_spim_xfer    nrfx_spim.o
    0x00002488   0x00002488   0x00000010   Code   RO         1071    i.nrfx_uart_0_irq_handler  nrfx_uart.o
    0x00002498   0x00002498   0x000000d4   Code   RO         1073    i.nrfx_uart_init    nrfx_uart.o
    0x0000256c   0x0000256c   0x000000a4   Code   RO         1079    i.nrfx_uart_tx      nrfx_uart.o
    0x00002610   0x00002610   0x00000020   Code   RO         1081    i.nrfx_uart_tx_in_progress  nrfx_uart.o
    0x00002630   0x00002630   0x000000b4   Code   RO         1082    i.nrfx_uart_uninit  nrfx_uart.o
    0x000026e4   0x000026e4   0x00000010   Code   RO         1254    i.nrfx_uarte_0_irq_handler  nrfx_uarte.o
    0x000026f4   0x000026f4   0x0000006c   Code   RO         1256    i.nrfx_uarte_init   nrfx_uarte.o
    0x00002760   0x00002760   0x00000090   Code   RO         1260    i.nrfx_uarte_tx     nrfx_uarte.o
    0x000027f0   0x000027f0   0x0000001c   Code   RO         1262    i.nrfx_uarte_tx_in_progress  nrfx_uarte.o
    0x0000280c   0x0000280c   0x000000b0   Code   RO         1263    i.nrfx_uarte_uninit  nrfx_uarte.o
    0x000028bc   0x000028bc   0x0000003c   Code   RO         3063    i.postfix_process   nrf_log_str_formatter.o
    0x000028f8   0x000028f8   0x00000098   Code   RO         3064    i.prefix_process    nrf_log_str_formatter.o
    0x00002990   0x00002990   0x00000018   Code   RO          870    i.prs_box_get       nrfx_prs.o
    0x000029a8   0x000029a8   0x0000003c   Code   RO         2076    i.rtc1_stop         app_timer.o
    0x000029e4   0x000029e4   0x00000032   Code   RO         1083    i.rx_byte           nrfx_uart.o
    0x00002a16   0x00002a16   0x00000016   Code   RO         1084    i.rx_done_event     nrfx_uart.o
    0x00002a2c   0x00002a2c   0x00000018   Code   RO         1264    i.rx_done_event     nrfx_uarte.o
    0x00002a44   0x00002a44   0x00000040   Code   RO         2762    i.serial_tx         nrf_log_backend_uart.o
    0x00002a84   0x00002a84   0x00000074   Code   RO            6    i.spi_event_handler  main.o
    0x00002af8   0x00002af8   0x00000038   Code   RO          506    i.spim_evt_handler  nrf_drv_spi.o
    0x00002b30   0x00002b30   0x000000bc   Code   RO          949    i.spim_xfer         nrfx_spim.o
    0x00002bec   0x00002bec   0x0000008c   Code   RO         2899    i.std_n             nrf_log_frontend.o
    0x00002c78   0x00002c78   0x00000080   Code   RO         2077    i.timer_list_handler  app_timer.o
    0x00002cf8   0x00002cf8   0x0000003c   Code   RO         2078    i.timer_list_insert  app_timer.o
    0x00002d34   0x00002d34   0x00000060   Code   RO         2079    i.timer_list_remove  app_timer.o
    0x00002d94   0x00002d94   0x00000074   Code   RO         2081    i.timer_timeouts_check  app_timer.o
    0x00002e08   0x00002e08   0x00000020   Code   RO         1086    i.tx_byte           nrfx_uart.o
    0x00002e28   0x00002e28   0x0000001a   Code   RO         1087    i.tx_done_event     nrfx_uart.o
    0x00002e42   0x00002e42   0x00000002   PAD
    0x00002e44   0x00002e44   0x00000030   Code   RO          541    i.uart_evt_handler  nrf_drv_uart.o
    0x00002e74   0x00002e74   0x0000000c   Code   RO         2763    i.uart_evt_handler  nrf_log_backend_uart.o
    0x00002e80   0x00002e80   0x00000050   Code   RO         2764    i.uart_init         nrf_log_backend_uart.o
    0x00002ed0   0x00002ed0   0x00000128   Code   RO         1088    i.uart_irq_handler  nrfx_uart.o
    0x00002ff8   0x00002ff8   0x00000030   Code   RO          542    i.uarte_evt_handler  nrf_drv_uart.o
    0x00003028   0x00003028   0x000000f4   Code   RO         1265    i.uarte_irq_handler  nrfx_uarte.o
    0x0000311c   0x0000311c   0x000000b4   Code   RO         2546    i.unsigned_print    nrf_fprintf_format.o
    0x000031d0   0x000031d0   0x00000028   Data   RO            8    .constdata          main.o
    0x000031f8   0x000031f8   0x00000004   Data   RO          291    .constdata          boards.o
    0x000031fc   0x000031fc   0x00000010   Data   RO          508    .constdata          nrf_drv_spi.o
    0x0000320c   0x0000320c   0x00000004   Data   RO          632    .constdata          nrfx_gpiote.o
    0x00003210   0x00003210   0x00000004   Data   RO          952    .constdata          nrfx_spim.o
    0x00003214   0x00003214   0x00000004   Data   RO         1091    .constdata          nrfx_uart.o
    0x00003218   0x00003218   0x00000004   Data   RO         1268    .constdata          nrfx_uarte.o
    0x0000321c   0x0000321c   0x00000004   PAD
    0x00003220   0x00003220   0x00000006   Data   RO         2084    .constdata          app_timer.o
    0x00003226   0x00003226   0x00000010   Data   RO         2547    .constdata          nrf_fprintf_format.o
    0x00003236   0x00003236   0x00000002   PAD
    0x00003238   0x00003238   0x0000000c   Data   RO         2766    .constdata          nrf_log_backend_uart.o
    0x00003244   0x00003244   0x00000020   Data   RO         2767    .constdata          nrf_log_backend_uart.o
    0x00003264   0x00003264   0x00000081   Data   RO         3526    .constdata          mc_w.l(ctype_o.o)
    0x000032e5   0x000032e5   0x00000003   PAD
    0x000032e8   0x000032e8   0x00000004   Data   RO         3527    .constdata          mc_w.l(ctype_o.o)
    0x000032ec   0x000032ec   0x00000066   Data   RO         3065    .conststring        nrf_log_str_formatter.o
    0x00003352   0x00003352   0x00000002   PAD
    0x00003354   0x00003354   0x00000007   Data   RO          636    .conststrlit        nrfx_gpiote.o
    0x0000335b   0x0000335b   0x00000001   PAD
    0x0000335c   0x0000335c   0x00000004   Data   RO          872    .conststrlit        nrfx_prs.o
    0x00003360   0x00003360   0x00000005   Data   RO          955    .conststrlit        nrfx_spim.o
    0x00003365   0x00003365   0x00000003   PAD
    0x00003368   0x00003368   0x00000005   Data   RO         1094    .conststrlit        nrfx_uart.o
    0x0000336d   0x0000336d   0x00000003   PAD
    0x00003370   0x00003370   0x00000006   Data   RO         1271    .conststrlit        nrfx_uarte.o
    0x00003376   0x00003376   0x00000002   PAD
    0x00003378   0x00003378   0x00000006   Data   RO         1411    .conststrlit        nrfx_clock.o
    0x0000337e   0x0000337e   0x00000002   PAD
    0x00003380   0x00003380   0x00000006   Data   RO         1537    .conststrlit        nrfx_timer.o
    0x00003386   0x00003386   0x00000002   PAD
    0x00003388   0x00003388   0x00000006   Data   RO         1665    .conststrlit        nrf_drv_clock.o
    0x0000338e   0x0000338e   0x00000002   PAD
    0x00003390   0x00003390   0x00000018   Data   RO         2902    .conststrlit        nrf_log_frontend.o
    0x000033a8   0x000033a8   0x00000020   Data   RO         3585    Region$$Table       anon$$obj.o
    0x000033c8   0x000033c8   0x00000008   Data   RO          637    log_const_data      nrfx_gpiote.o
    0x000033d0   0x000033d0   0x00000008   Data   RO          874    log_const_data      nrfx_prs.o
    0x000033d8   0x000033d8   0x00000008   Data   RO          956    log_const_data      nrfx_spim.o
    0x000033e0   0x000033e0   0x00000008   Data   RO         1095    log_const_data      nrfx_uart.o
    0x000033e8   0x000033e8   0x00000008   Data   RO         1272    log_const_data      nrfx_uarte.o
    0x000033f0   0x000033f0   0x00000008   Data   RO         1413    log_const_data      nrfx_clock.o
    0x000033f8   0x000033f8   0x00000008   Data   RO         1538    log_const_data      nrfx_timer.o
    0x00003400   0x00003400   0x00000008   Data   RO         1666    log_const_data      nrf_drv_clock.o
    0x00003408   0x00003408   0x00000010   Data   RO         2905    log_const_data      nrf_log_frontend.o
    0x00003418   0x00003418   0x00000018   Data   RO         2907    nrf_balloc          nrf_log_frontend.o


    Execution Region RW_IRAM1 (Exec base: 0x20000000, Load base: 0x00003430, Size: 0x00002828, Max: 0x00010000, ABSOLUTE)

    Exec Addr    Load Addr    Size         Type   Attr      Idx    E Section Name        Object

    0x20000000   0x00003430   0x00000017   Data   RW           10    .data               main.o
    0x20000017   0x00003447   0x00000001   PAD
    0x20000018   0x00003448   0x0000000c   Data   RW          543    .data               nrf_drv_uart.o
    0x20000024   0x00003454   0x00000008   Data   RW          873    .data               nrfx_prs.o
    0x2000002c   0x0000345c   0x00000008   Data   RW         1412    .data               nrfx_clock.o
    0x20000034   0x00003464   0x00000014   Data   RW         2085    .data               app_timer.o
    0x20000048   0x00003478   0x00000004   Data   RW         2239    .data               app_util_platform.o
    0x2000004c   0x0000347c   0x00000018   Data   RW         2768    .data               nrf_log_backend_uart.o
    0x20000064   0x00003494   0x0000000c   Data   RW         2841    .data               nrf_log_default_backends.o
    0x20000070   0x000034a0   0x00000008   Data   RW         2903    .data               nrf_log_frontend.o
    0x20000078   0x000034a8   0x00000008   Data   RW         2904    .data               nrf_log_frontend.o
    0x20000080   0x000034b0   0x00000040   Data   RW         3066    .data               nrf_log_str_formatter.o
    0x200000c0   0x000034f0   0x00000004   Data   RW         3482    .data               system_nrf52.o
    0x200000c4   0x000034f4   0x00000004   Data   RW          638    log_dynamic_data    nrfx_gpiote.o
    0x200000c8   0x000034f8   0x00000004   Data   RW          875    log_dynamic_data    nrfx_prs.o
    0x200000cc   0x000034fc   0x00000004   Data   RW          957    log_dynamic_data    nrfx_spim.o
    0x200000d0   0x00003500   0x00000004   Data   RW         1096    log_dynamic_data    nrfx_uart.o
    0x200000d4   0x00003504   0x00000004   Data   RW         1273    log_dynamic_data    nrfx_uarte.o
    0x200000d8   0x00003508   0x00000004   Data   RW         1414    log_dynamic_data    nrfx_clock.o
    0x200000dc   0x0000350c   0x00000004   Data   RW         1539    log_dynamic_data    nrfx_timer.o
    0x200000e0   0x00003510   0x00000004   Data   RW         1667    log_dynamic_data    nrf_drv_clock.o
    0x200000e4   0x00003514   0x00000008   Data   RW         2906    log_dynamic_data    nrf_log_frontend.o
    0x200000ec        -       0x00000018   Zero   RW          507    .bss                nrf_drv_spi.o
    0x20000104        -       0x0000005c   Zero   RW          631    .bss                nrfx_gpiote.o
    0x20000160        -       0x00000024   Zero   RW          950    .bss                nrfx_spim.o
    0x20000184        -       0x0000002c   Zero   RW         1089    .bss                nrfx_uart.o
    0x200001b0        -       0x00000024   Zero   RW         1266    .bss                nrfx_uarte.o
    0x200001d4        -       0x0000000c   Zero   RW         1535    .bss                nrfx_timer.o
    0x200001e0        -       0x00000014   Zero   RW         1660    .bss                nrf_drv_clock.o
    0x200001f4        -       0x0000010c   Zero   RW         2083    .bss                app_timer.o
    0x20000300        -       0x00000040   Zero   RW         2765    .bss                nrf_log_backend_uart.o
    0x20000340        -       0x000000c0   Zero   RW         2900    .bss                nrf_log_frontend.o
    0x20000400        -       0x00000424   Zero   RW         2901    .bss                nrf_log_frontend.o
    0x20000824   0x0000351c   0x00000004   PAD
    0x20000828        -       0x00002000   Zero   RW         3470    STACK               arm_startup_nrf52.o


==============================================================================

Image component sizes


      Code (inc. data)   RO Data    RW Data    ZI Data      Debug   Object Name

         0          0          0          0          0      29632   app_button.o
        22          0          0          0          0       4641   app_error.o
       124         40          0          0          0      27353   app_error_weak.o
      1194         96          6         20        268      45169   app_timer.o
        44         10          0          4          0       3104   app_util_platform.o
        36          8        512          0       8192        864   arm_startup_nrf52.o
       204         14          4          0          0       8736   boards.o
       428         86         40         23          0      78037   main.o
       294          0          0          0          0       7607   nrf_atomic.o
       152          0          0          0          0       8104   nrf_balloc.o
       214         24         14          4         20      10515   nrf_drv_clock.o
       168         18         16          0         24       6211   nrf_drv_spi.o
       200         26          0         12          0      17596   nrf_drv_uart.o
        50          0          0          0          0       3449   nrf_fprintf.o
       850          4         16          0          0       5362   nrf_fprintf_format.o
       200          0          0          0          0      11799   nrf_log_backend_serial.o
       232         44         44         24         64      22254   nrf_log_backend_uart.o
        28          6          0         12          0       3195   nrf_log_default_backends.o
      1612        122         64         24       1252      29158   nrf_log_frontend.o
       566        108        102         64          0       5680   nrf_log_str_formatter.o
       330          0          0          0          0      10835   nrf_memobj.o
       270         32         14         12          0      14130   nrfx_clock.o
       518         30         19          4         92      20878   nrfx_gpiote.o
       102         16         12         12          0       4388   nrfx_prs.o
       882         22         17          4         36      52398   nrfx_spim.o
        92         10         14          4         12      10173   nrfx_timer.o
      1292         40         17          4         44      28182   nrfx_uart.o
      1134         44         18          4         36      22461   nrfx_uarte.o
       796         70          0          4          0       2791   system_nrf52.o

    ----------------------------------------------------------------------
     12056        870        984        236      10044     494702   Object Totals
         0          0         32          0          0          0   (incl. Generated)
        22          0         23          1          4          0   (incl. Padding)

    ----------------------------------------------------------------------

      Code (inc. data)   RO Data    RW Data    ZI Data      Debug   Library Member Name

         8          4        133          0          0         68   ctype_o.o
         0          0          0          0          0          0   entry.o
         0          0          0          0          0          0   entry10a.o
         0          0          0          0          0          0   entry11a.o
         8          4          0          0          0          0   entry2.o
         4          0          0          0          0          0   entry5.o
         0          0          0          0          0          0   entry7b.o
         0          0          0          0          0          0   entry8b.o
         8          4          0          0          0          0   entry9a.o
        30          0          0          0          0          0   handlers.o
        36          8          0          0          0         68   init.o
        36          0          0          0          0         68   memcpya.o
        36          0          0          0          0        108   memseta.o
        14          0          0          0          0         68   strlen.o

    ----------------------------------------------------------------------
       184         20        136          0          0        380   Library Totals
         4          0          3          0          0          0   (incl. Padding)

    ----------------------------------------------------------------------

      Code (inc. data)   RO Data    RW Data    ZI Data      Debug   Library Name

       180         20        133          0          0        380   mc_w.l

    ----------------------------------------------------------------------
       184         20        136          0          0        380   Library Totals

    ----------------------------------------------------------------------

==============================================================================


      Code (inc. data)   RO Data    RW Data    ZI Data      Debug   

     12240        890       1120        236      10044     479734   Grand Totals
     12240        890       1120        236      10044     479734   ELF Image Totals
     12240        890       1120        236          0          0   ROM Totals

==============================================================================

    Total RO  Size (Code + RO Data)                13360 (  13.05kB)
    Total RW  Size (RW Data + ZI Data)             10280 (  10.04kB)
    Total ROM Size (Code + RO Data + RW Data)      13596 (  13.28kB)

==============================================================================

